ARM Linker, 5.03 [Build 76] [MDK-ARM Professional]

==============================================================================

Section Cross References

    startup_stm32f10x_hd.o(STACK) refers (Special) to heapauxi.o(.text) for __use_two_region_memory
    startup_stm32f10x_hd.o(HEAP) refers (Special) to heapauxi.o(.text) for __use_two_region_memory
    startup_stm32f10x_hd.o(RESET) refers (Special) to heapauxi.o(.text) for __use_two_region_memory
    startup_stm32f10x_hd.o(RESET) refers to startup_stm32f10x_hd.o(STACK) for __initial_sp
    startup_stm32f10x_hd.o(RESET) refers to startup_stm32f10x_hd.o(.text) for Reset_Handler
    startup_stm32f10x_hd.o(RESET) refers to maze.o(.text) for TIM2_IRQHandler
    startup_stm32f10x_hd.o(.text) refers (Special) to heapauxi.o(.text) for __use_two_region_memory
    startup_stm32f10x_hd.o(.text) refers to system_stm32f10x.o(.text) for SystemInit
    startup_stm32f10x_hd.o(.text) refers to __main.o(!!!main) for __main
    startup_stm32f10x_hd.o(.text) refers to startup_stm32f10x_hd.o(HEAP) for Heap_Mem
    startup_stm32f10x_hd.o(.text) refers to startup_stm32f10x_hd.o(STACK) for Stack_Mem
    system_stm32f10x.o(.text) refers to system_stm32f10x.o(.data) for SystemCoreClock
    stm32f10x_gpio.o(.text) refers to stm32f10x_rcc.o(.text) for RCC_APB2PeriphResetCmd
    stm32f10x_rcc.o(.text) refers to stm32f10x_rcc.o(.data) for APBAHBPrescTable
    stm32f10x_usart.o(.text) refers to stm32f10x_rcc.o(.text) for RCC_APB2PeriphResetCmd
    stm32f10x_tim.o(.text) refers to stm32f10x_rcc.o(.text) for RCC_APB2PeriphResetCmd
    stm32f10x_adc.o(.text) refers to stm32f10x_rcc.o(.text) for RCC_APB2PeriphResetCmd
    stm32f10x_spi.o(.text) refers to stm32f10x_rcc.o(.text) for RCC_APB2PeriphResetCmd
    motor_ctrl.o(.text) refers to stm32f10x_rcc.o(.text) for RCC_APB2PeriphClockCmd
    motor_ctrl.o(.text) refers to stm32f10x_gpio.o(.text) for GPIO_Init
    motor_ctrl.o(.text) refers to stm32f10x_tim.o(.text) for TIM_TimeBaseInit
    motor_ctrl.o(.text) refers to motor_ctrl.o(.bss) for leftMotor
    motor_ctrl.o(.text) refers to daddsub_clz.o(x$fpl$dsub) for __aeabi_dsub
    motor_ctrl.o(.text) refers to daddsub_clz.o(x$fpl$dadd) for __aeabi_dadd
    motor_ctrl.o(.text) refers to dmul.o(x$fpl$dmul) for __aeabi_dmul
    motor_ctrl.o(.text) refers to daddsub_clz.o(x$fpl$drsb) for __aeabi_drsub
    motor_ctrl.o(.text) refers to ddiv.o(x$fpl$ddiv) for __aeabi_ddiv
    motor_ctrl.o(.text) refers to dflt_clz.o(x$fpl$dflt) for __aeabi_i2d
    motor_ctrl.o(.text) refers to dfix.o(x$fpl$dfix) for __aeabi_d2iz
    motor_ctrl.o(.text) refers to f2d.o(x$fpl$f2d) for __aeabi_f2d
    motor_ctrl.o(.text) refers to d2f.o(x$fpl$d2f) for __aeabi_d2f
    motor_ctrl.o(.text) refers to drleqf.o(x$fpl$drleqf) for __aeabi_cdrcmple
    motor_ctrl.o(.text) refers to maze.o(.bss) for mouse
    motor_ctrl.o(.text) refers to fleqf.o(x$fpl$fleqf) for __aeabi_cfcmple
    motor_ctrl.o(.text) refers to irsensor_prcs.o(.bss) for IRSensor
    irsensor_prcs.o(.text) refers to stm32f10x_rcc.o(.text) for RCC_AHBPeriphClockCmd
    irsensor_prcs.o(.text) refers to stm32f10x_dma.o(.text) for DMA_DeInit
    irsensor_prcs.o(.text) refers to stm32f10x_gpio.o(.text) for GPIO_Init
    irsensor_prcs.o(.text) refers to stm32f10x_adc.o(.text) for ADC_DeInit
    irsensor_prcs.o(.text) refers to faddsub_clz.o(x$fpl$fsub) for __aeabi_fsub
    irsensor_prcs.o(.text) refers to fdiv.o(x$fpl$fdiv) for __aeabi_fdiv
    irsensor_prcs.o(.text) refers to ffix.o(x$fpl$ffix) for __aeabi_f2iz
    irsensor_prcs.o(.text) refers to dflt_clz.o(x$fpl$dflt) for __aeabi_i2d
    irsensor_prcs.o(.text) refers to daddsub_clz.o(x$fpl$drsb) for __aeabi_drsub
    irsensor_prcs.o(.text) refers to daddsub_clz.o(x$fpl$dadd) for __aeabi_dadd
    irsensor_prcs.o(.text) refers to irsensor_prcs.o(.bss) for IRSensor
    irsensor_prcs.o(.text) refers to motor_ctrl.o(.bss) for leftMotor
    irsensor_prcs.o(.text) refers to irsensor_prcs.o(.data) for statusIR
    irsensor_prcs.o(.text) refers to fflt_clz.o(x$fpl$fflt) for __aeabi_i2f
    irsensor_prcs.o(.text) refers to fmul.o(x$fpl$fmul) for __aeabi_fmul
    irsensor_prcs.o(.text) refers to faddsub_clz.o(x$fpl$fadd) for __aeabi_fadd
    interface.o(.text) refers to stm32f10x_rcc.o(.text) for RCC_APB1PeriphClockCmd
    interface.o(.text) refers to stm32f10x_gpio.o(.text) for GPIO_Init
    interface.o(.text) refers to stm32f10x_tim.o(.text) for TIM_TimeBaseInit
    adxrs453.o(.text) refers to stm32f10x_rcc.o(.text) for RCC_APB1PeriphClockCmd
    adxrs453.o(.text) refers to stm32f10x_gpio.o(.text) for GPIO_Init
    adxrs453.o(.text) refers to stm32f10x_spi.o(.text) for SPI_Init
    adxrs453.o(.text) refers to delay.o(.text) for Delayms
    delay.o(.text) refers to misc.o(.text) for SysTick_CLKSourceConfig
    delay.o(.text) refers to delay.o(.data) for facus
    maze.o(.text) refers to _printf_percent.o(.ARM.Collect$$_printf_percent$$00000000) for _printf_percent
[...]
    ../clib/signal.c                         0x00000000   Number         0  defsig_general.o ABSOLUTE
    ../clib/signal.c                         0x00000000   Number         0  defsig_rtmem_inner.o ABSOLUTE
    ../clib/signal.s                         0x00000000   Number         0  defsig.o ABSOLUTE
    ../clib/stdlib.c                         0x00000000   Number         0  exit.o ABSOLUTE
    ../fplib/d2f.s                           0x00000000   Number         0  d2f.o ABSOLUTE
    ../fplib/daddsub.s                       0x00000000   Number         0  daddsub_clz.o ABSOLUTE
    ../fplib/dcmpi.s                         0x00000000   Number         0  dcmpi.o ABSOLUTE
    ../fplib/ddiv.s                          0x00000000   Number         0  ddiv.o ABSOLUTE
    ../fplib/dfix.s                          0x00000000   Number         0  dfix.o ABSOLUTE
    ../fplib/dflt.s                          0x00000000   Number         0  dflt_clz.o ABSOLUTE
    ../fplib/dleqf.s                         0x00000000   Number         0  dleqf.o ABSOLUTE
    ../fplib/dmul.s                          0x00000000   Number         0  dmul.o ABSOLUTE
    ../fplib/dnaninf.s                       0x00000000   Number         0  dnaninf.o ABSOLUTE
    ../fplib/dretinf.s                       0x00000000   Number         0  dretinf.o ABSOLUTE
    ../fplib/drleqf.s                        0x00000000   Number         0  drleqf.o ABSOLUTE
    ../fplib/f2d.s                           0x00000000   Number         0  f2d.o ABSOLUTE
    ../fplib/faddsub.s                       0x00000000   Number         0  faddsub_clz.o ABSOLUTE
    ../fplib/fcmpi.s                         0x00000000   Number         0  fcmpi.o ABSOLUTE
    ../fplib/fdiv.s                          0x00000000   Number         0  fdiv.o ABSOLUTE
    ../fplib/ffix.s                          0x00000000   Number         0  ffix.o ABSOLUTE
    ../fplib/fflt.s                          0x00000000   Number         0  fflt_clz.o ABSOLUTE
    ../fplib/fleqf.s                         0x00000000   Number         0  fleqf.o ABSOLUTE
    ../fplib/fmul.s                          0x00000000   Number         0  fmul.o ABSOLUTE
    ../fplib/fnaninf.s                       0x00000000   Number         0  fnaninf.o ABSOLUTE
    ../fplib/fpinit.s                        0x00000000   Number         0  fpinit.o ABSOLUTE
    ../fplib/fretinf.s                       0x00000000   Number         0  fretinf.o ABSOLUTE
    ../fplib/frleqf.s                        0x00000000   Number         0  frleqf.o ABSOLUTE
    ../fplib/usenofp.s                       0x00000000   Number         0  usenofp.o ABSOLUTE
    ..\src\ADXRS453.c                        0x00000000   Number         0  adxrs453.o ABSOLUTE
    ..\src\Delay.c                           0x00000000   Number         0  delay.o ABSOLUTE
    ..\src\IRSensor_Prcs.c                   0x00000000   Number         0  irsensor_prcs.o ABSOLUTE
    ..\src\Interface.c                       0x00000000   Number         0  interface.o ABSOLUTE
    ..\src\Maze.c                            0x00000000   Number         0  maze.o ABSOLUTE
    ..\src\Motor_Ctrl.c                      0x00000000   Number         0  motor_ctrl.o ABSOLUTE
    ..\src\Regtarge.c                        0x00000000   Number         0  regtarge.o ABSOLUTE
    ..\src\Usart.c                           0x00000000   Number         0  usart.o ABSOLUTE
    Lib\Lib_Startup\startup_stm32f10x_hd.s   0x00000000   Number         0  startup_stm32f10x_hd.o ABSOLUTE
    Lib\Lib_src\misc.c                       0x00000000   Number         0  misc.o ABSOLUTE
    Lib\Lib_src\stm32f10x_adc.c              0x00000000   Number         0  stm32f10x_adc.o ABSOLUTE
    Lib\Lib_src\stm32f10x_dma.c              0x00000000   Number         0  stm32f10x_dma.o ABSOLUTE
    Lib\Lib_src\stm32f10x_flash.c            0x00000000   Number         0  stm32f10x_flash.o ABSOLUTE
    Lib\Lib_src\stm32f10x_gpio.c             0x00000000   Number         0  stm32f10x_gpio.o ABSOLUTE
    Lib\Lib_src\stm32f10x_rcc.c              0x00000000   Number         0  stm32f10x_rcc.o ABSOLUTE
    Lib\Lib_src\stm32f10x_spi.c              0x00000000   Number         0  stm32f10x_spi.o ABSOLUTE
    Lib\Lib_src\stm32f10x_tim.c              0x00000000   Number         0  stm32f10x_tim.o ABSOLUTE
    Lib\Lib_src\stm32f10x_usart.c            0x00000000   Number         0  stm32f10x_usart.o ABSOLUTE
    Lib\\core_cm3.c                          0x00000000   Number         0  core_cm3.o ABSOLUTE
    Lib\core_cm3.c                           0x00000000   Number         0  core_cm3.o ABSOLUTE
    Lib\system_stm32f10x.c                   0x00000000   Number         0  system_stm32f10x.o ABSOLUTE
    dc.s                                     0x00000000   Number         0  dc.o ABSOLUTE
    RESET                                    0x08000000   Section      304  startup_stm32f10x_hd.o(RESET)
    !!!main                                  0x08000130   Section        8  __main.o(!!!main)
    !!!scatter                               0x08000138   Section       52  __scatter.o(!!!scatter)
    !!dclz77c                                0x0800016c   Section      100  __dclz77c.o(!!dclz77c)
    !!handler_zi                             0x080001d0   Section       28  __scatter_zi.o(!!handler_zi)
    .ARM.Collect$$_printf_percent$$00000000  0x080001ec   Section        0  _printf_percent.o(.ARM.Collect$$_printf_percent$$00000000)
    .ARM.Collect$$_printf_percent$$00000009  0x080001ec   Section        6  _printf_d.o(.ARM.Collect$$_printf_percent$$00000009)
    .ARM.Collect$$_printf_percent$$00000017  0x080001f2   Section        4  _printf_percent_end.o(.ARM.Collect$$_printf_percent$$00000017)
    .ARM.Collect$$libinit$$00000000          0x080001f6   Section        2  libinit.o(.ARM.Collect$$libinit$$00000000)
    .ARM.Collect$$libinit$$00000002          0x080001f8   Section        0  libinit2.o(.ARM.Collect$$libinit$$00000002)
    .ARM.Collect$$libinit$$00000008          0x080001f8   Section        0  libinit2.o(.ARM.Collect$$libinit$$00000008)
    .ARM.Collect$$libinit$$0000000A          0x080001f8   Section        0  libinit2.o(.ARM.Collect$$libinit$$0000000A)
    .ARM.Collect$$libinit$$0000000C          0x080001f8   Section        0  libinit2.o(.ARM.Collect$$libinit$$0000000C)
    .ARM.Collect$$libinit$$0000000F          0x080001f8   Section        0  libinit2.o(.ARM.Collect$$libinit$$0000000F)
    .ARM.Collect$$libinit$$00000011          0x080001f8   Section        0  libinit2.o(.ARM.Collect$$libinit$$00000011)
    .ARM.Collect$$libinit$$00000013          0x080001f8   Section        0  libinit2.o(.ARM.Collect$$libinit$$00000013)
    .ARM.Collect$$libinit$$00000015          0x080001f8   Section        0  libinit2.o(.ARM.Collect$$libinit$$00000015)
    .ARM.Collect$$libinit$$00000017          0x080001f8   Section        0  libinit2.o(.ARM.Collect$$libinit$$00000017)
    .ARM.Collect$$libinit$$00000019          0x080001f8   Section        0  libinit2.o(.ARM.Collect$$libinit$$00000019)
    .ARM.Collect$$libinit$$0000001B          0x080001f8   Section        0  libinit2.o(.ARM.Collect$$libinit$$0000001B)
    .ARM.Collect$$libinit$$0000001D          0x080001f8   Section        0  libinit2.o(.ARM.Collect$$libinit$$0000001D)
    .ARM.Collect$$libinit$$0000001F          0x080001f8   Section        0  libinit2.o(.ARM.Collect$$libinit$$0000001F)
    .ARM.Collect$$libinit$$00000021          0x080001f8   Section        0  libinit2.o(.ARM.Collect$$libinit$$00000021)
    .ARM.Collect$$libinit$$00000023          0x080001f8   Section        0  libinit2.o(.ARM.Collect$$libinit$$00000023)
    .ARM.Collect$$libinit$$0000002A          0x080001f8   Section        0  libinit2.o(.ARM.Collect$$libinit$$0000002A)
    .ARM.Collect$$libinit$$0000002C          0x080001f8   Section        0  libinit2.o(.ARM.Collect$$libinit$$0000002C)
    .ARM.Collect$$libinit$$0000002E          0x080001f8   Section        0  libinit2.o(.ARM.Collect$$libinit$$0000002E)
    .ARM.Collect$$libinit$$00000030          0x080001f8   Section        0  libinit2.o(.ARM.Collect$$libinit$$00000030)
    .ARM.Collect$$libinit$$00000031          0x080001f8   Section        2  libinit2.o(.ARM.Collect$$libinit$$00000031)
    .ARM.Collect$$libshutdown$$00000000      0x080001fa   Section        2  libshutdown.o(.ARM.Collect$$libshutdown$$00000000)
    .ARM.Collect$$libshutdown$$00000003      0x080001fc   Section        0  libshutdown2.o(.ARM.Collect$$libshutdown$$00000003)
    .ARM.Collect$$libshutdown$$00000006      0x080001fc   Section        0  libshutdown2.o(.ARM.Collect$$libshutdown$$00000006)
    .ARM.Collect$$libshutdown$$00000009      0x080001fc   Section        0  libshutdown2.o(.ARM.Collect$$libshutdown$$00000009)
    .ARM.Collect$$libshutdown$$0000000B      0x080001fc   Section        0  libshutdown2.o(.ARM.Collect$$libshutdown$$0000000B)
    .ARM.Collect$$libshutdown$$0000000E      0x080001fc   Section        0  libshutdown2.o(.ARM.Collect$$libshutdown$$0000000E)
    .ARM.Collect$$libshutdown$$0000000F      0x080001fc   Section        2  libshutdown2.o(.ARM.Collect$$libshutdown$$0000000F)
    .ARM.Collect$$rtentry$$00000000          0x080001fe   Section        0  rtentry.o(.ARM.Collect$$rtentry$$00000000)
    .ARM.Collect$$rtentry$$00000002          0x080001fe   Section        0  rtentry2.o(.ARM.Collect$$rtentry$$00000002)
    .ARM.Collect$$rtentry$$00000004          0x080001fe   Section        6  rtentry4.o(.ARM.Collect$$rtentry$$00000004)
    .ARM.Collect$$rtentry$$00000009          0x08000204   Section        0  rtentry2.o(.ARM.Collect$$rtentry$$00000009)
    .ARM.Collect$$rtentry$$0000000A          0x08000204   Section        4  rtentry2.o(.ARM.Collect$$rtentry$$0000000A)
    .ARM.Collect$$rtentry$$0000000C          0x08000208   Section        0  rtentry2.o(.ARM.Collect$$rtentry$$0000000C)
    .ARM.Collect$$rtentry$$0000000D          0x08000208   Section        8  rtentry2.o(.ARM.Collect$$rtentry$$0000000D)
    .ARM.Collect$$rtexit$$00000000           0x08000210   Section        2  rtexit.o(.ARM.Collect$$rtexit$$00000000)
    .ARM.Collect$$rtexit$$00000002           0x08000212   Section        0  rtexit2.o(.ARM.Collect$$rtexit$$00000002)
    .ARM.Collect$$rtexit$$00000003           0x08000212   Section        4  rtexit2.o(.ARM.Collect$$rtexit$$00000003)
    .ARM.Collect$$rtexit$$00000004           0x08000216   Section        6  rtexit2.o(.ARM.Collect$$rtexit$$00000004)
    .text                                    0x0800021c   Section       64  startup_stm32f10x_hd.o(.text)
    .text                                    0x0800025c   Section        0  system_stm32f10x.o(.text)
    SetSysClockTo72                          0x0800025d   Thumb Code   212  system_stm32f10x.o(.text)
    SetSysClock                              0x08000331   Thumb Code     8  system_stm32f10x.o(.text)
    .text                                    0x08000438   Section        0  misc.o(.text)
    .text                                    0x08000514   Section        0  stm32f10x_flash.o(.text)
    .text                                    0x08000ad0   Section        0  stm32f10x_gpio.o(.text)
    .text                                    0x08000e28   Section        0  stm32f10x_rcc.o(.text)
    .text                                    0x080011cc   Section        0  stm32f10x_usart.o(.text)
    .text                                    0x080015d4   Section        0  stm32f10x_tim.o(.text)
    TI4_Config                               0x08001a7b   Thumb Code   130  stm32f10x_tim.o(.text)
    TI3_Config                               0x08001b0f   Thumb Code   122  stm32f10x_tim.o(.text)
    TI2_Config                               0x08001ba3   Thumb Code   130  stm32f10x_tim.o(.text)
    TI1_Config                               0x08001c37   Thumb Code   108  stm32f10x_tim.o(.text)
    .text                                    0x080023f0   Section        0  stm32f10x_adc.o(.text)
    .text                                    0x08002840   Section        0  stm32f10x_dma.o(.text)
    .text                                    0x08002a90   Section        0  motor_ctrl.o(.text)
    .text                                    0x080038dc   Section        0  irsensor_prcs.o(.text)
    .text                                    0x08003ea4   Section        0  interface.o(.text)
    .text                                    0x08003f60   Section        0  delay.o(.text)
    .text                                    0x08004008   Section        0  maze.o(.text)
    .text                                    0x08005004   Section        0  regtarge.o(.text)
    .text                                    0x0800503c   Section        0  usart.o(.text)
    .text                                    0x080050f4   Section        2  use_no_semi.o(.text)
    .text                                    0x080050f8   Section        0  noretval__2printf.o(.text)
    .text                                    0x08005110   Section        0  noretval__2sprintf.o(.text)
    .text                                    0x08005138   Section        0  __printf.o(.text)
    .text                                    0x080051a0   Section        0  _printf_dec.o(.text)
    .text                                    0x08005218   Section       78  rt_memclr_w.o(.text)
    .text                                    0x08005266   Section        0  heapauxi.o(.text)
    .text                                    0x0800526c   Section        0  _printf_intcommon.o(.text)
    .text                                    0x08005324   Section        0  _printf_char_common.o(.text)
    _printf_input_char                       0x08005325   Thumb Code    10  _printf_char_common.o(.text)
    .text                                    0x08005354   Section        0  _sputc.o(.text)
    .text                                    0x08005360   Section        0  _printf_char_file.o(.text)
    .text                                    0x08005384   Section       74  sys_stackheap_outer.o(.text)
    .text                                    0x080053ce   Section        0  exit.o(.text)
    .text                                    0x080053dc   Section        8  libspace.o(.text)
    x$fpl$d2f                                0x080053e4   Section       98  d2f.o(x$fpl$d2f)
    x$fpl$dadd                               0x08005448   Section      336  daddsub_clz.o(x$fpl$dadd)
    _dadd1                                   0x08005459   Thumb Code     0  daddsub_clz.o(x$fpl$dadd)
    x$fpl$dcmpinf                            0x08005598   Section       24  dcmpi.o(x$fpl$dcmpinf)
    x$fpl$ddiv                               0x080055b0   Section      688  ddiv.o(x$fpl$ddiv)
    ddiv_entry                               0x080055b7   Thumb Code     0  ddiv.o(x$fpl$ddiv)
    x$fpl$dfix                               0x08005860   Section       94  dfix.o(x$fpl$dfix)
    x$fpl$dflt                               0x080058be   Section       46  dflt_clz.o(x$fpl$dflt)
    x$fpl$dleqf                              0x080058ec   Section      120  dleqf.o(x$fpl$dleqf)
    x$fpl$dmul                               0x08005964   Section      340  dmul.o(x$fpl$dmul)
    x$fpl$dnaninf                            0x08005ab8   Section      156  dnaninf.o(x$fpl$dnaninf)
    x$fpl$dretinf                            0x08005b54   Section       12  dretinf.o(x$fpl$dretinf)
    x$fpl$drleqf                             0x08005b60   Section      108  drleqf.o(x$fpl$drleqf)
    x$fpl$drsb                               0x08005bcc   Section       22  daddsub_clz.o(x$fpl$drsb)
    x$fpl$dsub                               0x08005be4   Section      468  daddsub_clz.o(x$fpl$dsub)
    _dsub1                                   0x08005bf5   Thumb Code     0  daddsub_clz.o(x$fpl$dsub)
    x$fpl$f2d                                0x08005db8   Section       86  f2d.o(x$fpl$f2d)
    x$fpl$fadd                               0x08005e10   Section      196  faddsub_clz.o(x$fpl$fadd)
    _fadd1                                   0x08005e1f   Thumb Code     0  faddsub_clz.o(x$fpl$fadd)
    x$fpl$fcmpinf                            0x08005ed4   Section       24  fcmpi.o(x$fpl$fcmpinf)
    x$fpl$fdiv                               0x08005eec   Section      388  fdiv.o(x$fpl$fdiv)
    _fdiv1                                   0x08005eed   Thumb Code     0  fdiv.o(x$fpl$fdiv)
    x$fpl$ffix                               0x08006070   Section       54  ffix.o(x$fpl$ffix)
    x$fpl$fflt                               0x080060a8   Section       48  fflt_clz.o(x$fpl$fflt)
    x$fpl$fleqf                              0x080060d8   Section      104  fleqf.o(x$fpl$fleqf)
    x$fpl$fmul                               0x08006140   Section      258  fmul.o(x$fpl$fmul)
    x$fpl$fnaninf                            0x08006242   Section      140  fnaninf.o(x$fpl$fnaninf)
    x$fpl$fretinf                            0x080062ce   Section       10  fretinf.o(x$fpl$fretinf)
    x$fpl$frleqf                             0x080062d8   Section       98  frleqf.o(x$fpl$frleqf)
    x$fpl$fsub                               0x0800633c   Section      234  faddsub_clz.o(x$fpl$fsub)
    _fsub1                                   0x0800634b   Thumb Code     0  faddsub_clz.o(x$fpl$fsub)
    x$fpl$usenofp                            0x08006426   Section        0  usenofp.o(x$fpl$usenofp)
    .data                                    0x20000000   Section       20  system_stm32f10x.o(.data)
    .data                                    0x20000014   Section       20  stm32f10x_rcc.o(.data)
    APBAHBPrescTable                         0x20000014   Data          16  stm32f10x_rcc.o(.data)
    ADCPrescTable                            0x20000024   Data           4  stm32f10x_rcc.o(.data)
    .data                                    0x20000028   Section      808  irsensor_prcs.o(.data)
    statusIR                                 0x20000348   Data           1  irsensor_prcs.o(.data)
    integer                                  0x20000349   Data           1  irsensor_prcs.o(.data)
    decimal                                  0x2000034c   Data           4  irsensor_prcs.o(.data)
    .data                                    0x20000350   Section        4  delay.o(.data)
    facus                                    0x20000350   Data           1  delay.o(.data)
    facms                                    0x20000352   Data           2  delay.o(.data)
    .data                                    0x20000354   Section        9  maze.o(.data)
    mouseCoor                                0x20000356   Data           2  maze.o(.data)
    timCount                                 0x20000358   Data           1  maze.o(.data)
    .data                                    0x20000360   Section        8  regtarge.o(.data)
    .bss                                     0x20000368   Section     2208  motor_ctrl.o(.bss)
    .bss                                     0x20000c08   Section       64  irsensor_prcs.o(.bss)
    .bss                                     0x20000c48   Section    49036  maze.o(.bss)
    crossWay                                 0x2000c7d4   Data         512  maze.o(.bss)
    mapBlock                                 0x2000c9d4   Data         256  maze.o(.bss)
    mapStep                                  0x2000cad4   Data         256  maze.o(.bss)
    .bss                                     0x2000cbd4   Section       96  libspace.o(.bss)
    HEAP                                     0x2000cc38   Section      512  startup_stm32f10x_hd.o(HEAP)
    Heap_Mem                                 0x2000cc38   Data         512  startup_stm32f10x_hd.o(HEAP)
    STACK                                    0x2000ce38   Section     1024  startup_stm32f10x_hd.o(STACK)
    Stack_Mem                                0x2000ce38   Data        1024  startup_stm32f10x_hd.o(STACK)
    __initial_sp                             0x2000d238   Data           0  startup_stm32f10x_hd.o(STACK)

    Global Symbols

    Symbol Name                              Value     Ov Type        Size  Object(Section)

    BuildAttributes$$THM_ISAv4$P$D$K$B$S$PE$A:L22UL41UL21$X:L11$S22US41US21$IEEE1$IW$USESV6$~STKCKD$USESV7$~SHL$OSPACE$ROPI$EBA8$UX$STANDARDLIB$REQ8$PRES8$EABIv2 0x00000000   Number         0  anon$$obj.o ABSOLUTE
    __ARM_use_no_argv                        0x00000000   Number         0  maze.o ABSOLUTE
    __ARM_exceptions_init                     - Undefined Weak Reference
    __alloca_initialize                       - Undefined Weak Reference
    __cpp_initialize__aeabi_                  - Undefined Weak Reference
    __cxa_finalize                            - Undefined Weak Reference
    __rt_locale                               - Undefined Weak Reference
    __sigvec_lookup                           - Undefined Weak Reference
    _atexit_init                              - Undefined Weak Reference
    _call_atexit_fns                          - Undefined Weak Reference
    _clock_init                               - Undefined Weak Reference
    _fp_trap_init                             - Undefined Weak Reference
    _fp_trap_shutdown                         - Undefined Weak Reference
    _get_lc_collate                           - Undefined Weak Reference
    _get_lc_ctype                             - Undefined Weak Reference
    _get_lc_monetary                          - Undefined Weak Reference
    _get_lc_numeric                           - Undefined Weak Reference
    _get_lc_time                              - Undefined Weak Reference
    _getenv_init                              - Undefined Weak Reference
    _handle_redirection                       - Undefined Weak Reference
    _init_alloc                               - Undefined Weak Reference
    _init_user_alloc                          - Undefined Weak Reference
    _initio                                   - Undefined Weak Reference
    _printf_post_padding                      - Undefined Weak Reference
    _printf_pre_padding                       - Undefined Weak Reference
    _printf_truncate_signed                   - Undefined Weak Reference
    _printf_truncate_unsigned                 - Undefined Weak Reference
    _rand_init                                - Undefined Weak Reference
    _signal_finish                            - Undefined Weak Reference
    _signal_init                              - Undefined Weak Reference
    _terminate_alloc                          - Undefined Weak Reference
    _terminate_user_alloc                     - Undefined Weak Reference
    _terminateio                              - Undefined Weak Reference
    __Vectors_Size                           0x00000130   Number         0  startup_stm32f10x_hd.o ABSOLUTE
    __Vectors                                0x08000000   Data           4  startup_stm32f10x_hd.o(RESET)
    __Vectors_End                            0x08000130   Data           0  startup_stm32f10x_hd.o(RESET)
    __main                                   0x08000131   Thumb Code     8  __main.o(!!!main)
    __scatterload                            0x08000139   Thumb Code     0  __scatter.o(!!!scatter)
    __scatterload_rt2                        0x08000139   Thumb Code    44  __scatter.o(!!!scatter)
    __scatterload_rt2_thumb_only             0x08000139   Thumb Code     0  __scatter.o(!!!scatter)
    __scatterload_null                       0x08000147   Thumb Code     0  __scatter.o(!!!scatter)
    __decompress                             0x0800016d   Thumb Code   100  __dclz77c.o(!!dclz77c)
    __decompress2                            0x0800016d   Thumb Code     0  __dclz77c.o(!!dclz77c)
    __scatterload_zeroinit                   0x080001d1   Thumb Code    28  __scatter_zi.o(!!handler_zi)
    _printf_d                                0x080001ed   Thumb Code     0  _printf_d.o(.ARM.Collect$$_printf_percent$$00000009)
    _printf_percent                          0x080001ed   Thumb Code     0  _printf_percent.o(.ARM.Collect$$_printf_percent$$00000000)
    _printf_percent_end                      0x080001f3   Thumb Code     0  _printf_percent_end.o(.ARM.Collect$$_printf_percent$$00000017)
    __rt_lib_init                            0x080001f7   Thumb Code     0  libinit.o(.ARM.Collect$$libinit$$00000000)
    __rt_lib_init_alloca_1                   0x080001f9   Thumb Code     0  libinit2.o(.ARM.Collect$$libinit$$0000002C)
    __rt_lib_init_argv_1                     0x080001f9   Thumb Code     0  libinit2.o(.ARM.Collect$$libinit$$0000002A)
    __rt_lib_init_atexit_1                   0x080001f9   Thumb Code     0  libinit2.o(.ARM.Collect$$libinit$$00000019)
    __rt_lib_init_clock_1                    0x080001f9   Thumb Code     0  libinit2.o(.ARM.Collect$$libinit$$0000001F)
    __rt_lib_init_cpp_1                      0x080001f9   Thumb Code     0  libinit2.o(.ARM.Collect$$libinit$$00000030)
    __rt_lib_init_exceptions_1               0x080001f9   Thumb Code     0  libinit2.o(.ARM.Collect$$libinit$$0000002E)
    __rt_lib_init_fp_1                       0x080001f9   Thumb Code     0  libinit2.o(.ARM.Collect$$libinit$$00000002)
    __rt_lib_init_fp_trap_1                  0x080001f9   Thumb Code     0  libinit2.o(.ARM.Collect$$libinit$$0000001D)
    __rt_lib_init_getenv_1                   0x080001f9   Thumb Code     0  libinit2.o(.ARM.Collect$$libinit$$00000021)
    __rt_lib_init_heap_1                     0x080001f9   Thumb Code     0  libinit2.o(.ARM.Collect$$libinit$$00000008)
    __rt_lib_init_lc_collate_1               0x080001f9   Thumb Code     0  libinit2.o(.ARM.Collect$$libinit$$0000000F)
    __rt_lib_init_lc_ctype_1                 0x080001f9   Thumb Code     0  libinit2.o(.ARM.Collect$$libinit$$00000011)
    __rt_lib_init_lc_monetary_1              0x080001f9   Thumb Code     0  libinit2.o(.ARM.Collect$$libinit$$00000013)
    __rt_lib_init_lc_numeric_1               0x080001f9   Thumb Code     0  libinit2.o(.ARM.Collect$$libinit$$00000015)
    __rt_lib_init_lc_time_1                  0x080001f9   Thumb Code     0  libinit2.o(.ARM.Collect$$libinit$$00000017)
    __rt_lib_init_rand_1                     0x080001f9   Thumb Code     0  libinit2.o(.ARM.Collect$$libinit$$0000000C)
    __rt_lib_init_return                     0x080001f9   Thumb Code     0  libinit2.o(.ARM.Collect$$libinit$$00000031)
    __rt_lib_init_signal_1                   0x080001f9   Thumb Code     0  libinit2.o(.ARM.Collect$$libinit$$0000001B)
    __rt_lib_init_stdio_1                    0x080001f9   Thumb Code     0  libinit2.o(.ARM.Collect$$libinit$$00000023)
    __rt_lib_init_user_alloc_1               0x080001f9   Thumb Code     0  libinit2.o(.ARM.Collect$$libinit$$0000000A)
    __rt_lib_shutdown                        0x080001fb   Thumb Code     0  libshutdown.o(.ARM.Collect$$libshutdown$$00000000)
    __rt_lib_shutdown_fp_trap_1              0x080001fd   Thumb Code     0  libshutdown2.o(.ARM.Collect$$libshutdown$$00000006)
    __rt_lib_shutdown_heap_1                 0x080001fd   Thumb Code     0  libshutdown2.o(.ARM.Collect$$libshutdown$$0000000E)
    __rt_lib_shutdown_return                 0x080001fd   Thumb Code     0  libshutdown2.o(.ARM.Collect$$libshutdown$$0000000F)
    __rt_lib_shutdown_signal_1               0x080001fd   Thumb Code     0  libshutdown2.o(.ARM.Collect$$libshutdown$$00000009)
    __rt_lib_shutdown_stdio_1                0x080001fd   Thumb Code     0  libshutdown2.o(.ARM.Collect$$libshutdown$$00000003)
    __rt_lib_shutdown_user_alloc_1           0x080001fd   Thumb Code     0  libshutdown2.o(.ARM.Collect$$libshutdown$$0000000B)
    __rt_entry                               0x080001ff   Thumb Code     0  rtentry.o(.ARM.Collect$$rtentry$$00000000)
    __rt_entry_presh_1                       0x080001ff   Thumb Code     0  rtentry2.o(.ARM.Collect$$rtentry$$00000002)
    __rt_entry_sh                            0x080001ff   Thumb Code     0  rtentry4.o(.ARM.Collect$$rtentry$$00000004)
    __rt_entry_li                            0x08000205   Thumb Code     0  rtentry2.o(.ARM.Collect$$rtentry$$0000000A)
    __rt_entry_postsh_1                      0x08000205   Thumb Code     0  rtentry2.o(.ARM.Collect$$rtentry$$00000009)
    __rt_entry_main                          0x08000209   Thumb Code     0  rtentry2.o(.ARM.Collect$$rtentry$$0000000D)
    __rt_entry_postli_1                      0x08000209   Thumb Code     0  rtentry2.o(.ARM.Collect$$rtentry$$0000000C)
    __rt_exit                                0x08000211   Thumb Code     0  rtexit.o(.ARM.Collect$$rtexit$$00000000)
    __rt_exit_ls                             0x08000213   Thumb Code     0  rtexit2.o(.ARM.Collect$$rtexit$$00000003)
    __rt_exit_prels_1                        0x08000213   Thumb Code     0  rtexit2.o(.ARM.Collect$$rtexit$$00000002)
    __rt_exit_exit                           0x08000217   Thumb Code     0  rtexit2.o(.ARM.Collect$$rtexit$$00000004)
    Reset_Handler                            0x0800021d   Thumb Code     8  startup_stm32f10x_hd.o(.text)
    NMI_Handler                              0x08000225   Thumb Code     2  startup_stm32f10x_hd.o(.text)
    HardFault_Handler                        0x08000227   Thumb Code     2  startup_stm32f10x_hd.o(.text)
    MemManage_Handler                        0x08000229   Thumb Code     2  startup_stm32f10x_hd.o(.text)
    BusFault_Handler                         0x0800022b   Thumb Code     2  startup_stm32f10x_hd.o(.text)
    UsageFault_Handler                       0x0800022d   Thumb Code     2  startup_stm32f10x_hd.o(.text)
    SVC_Handler                              0x0800022f   Thumb Code     2  startup_stm32f10x_hd.o(.text)
    DebugMon_Handler                         0x08000231   Thumb Code     2  startup_stm32f10x_hd.o(.text)
    PendSV_Handler                           0x08000233   Thumb Code     2  startup_stm32f10x_hd.o(.text)
    SysTick_Handler                          0x08000235   Thumb Code     2  startup_stm32f10x_hd.o(.text)
    ADC1_2_IRQHandler                        0x08000237   Thumb Code     0  startup_stm32f10x_hd.o(.text)
    ADC3_IRQHandler                          0x08000237   Thumb Code     0  startup_stm32f10x_hd.o(.text)
    CAN1_RX1_IRQHandler                      0x08000237   Thumb Code     0  startup_stm32f10x_hd.o(.text)
    CAN1_SCE_IRQHandler                      0x08000237   Thumb Code     0  startup_stm32f10x_hd.o(.text)
    DMA1_Channel1_IRQHandler                 0x08000237   Thumb Code     0  startup_stm32f10x_hd.o(.text)
    DMA1_Channel2_IRQHandler                 0x08000237   Thumb Code     0  startup_stm32f10x_hd.o(.text)
    DMA1_Channel3_IRQHandler                 0x08000237   Thumb Code     0  startup_stm32f10x_hd.o(.text)
    DMA1_Channel4_IRQHandler                 0x08000237   Thumb Code     0  startup_stm32f10x_hd.o(.text)
    DMA1_Channel5_IRQHandler                 0x08000237   Thumb Code     0  startup_stm32f10x_hd.o(.text)
    DMA1_Channel6_IRQHandler                 0x08000237   Thumb Code     0  startup_stm32f10x_hd.o(.text)
    DMA1_Channel7_IRQHandler                 0x08000237   Thumb Code     0  startup_stm32f10x_hd.o(.text)
    DMA2_Channel1_IRQHandler                 0x08000237   Thumb Code     0  startup_stm32f10x_hd.o(.text)
    DMA2_Channel2_IRQHandler                 0x08000237   Thumb Code     0  startup_stm32f10x_hd.o(.text)
    DMA2_Channel3_IRQHandler                 0x08000237   Thumb Code     0  startup_stm32f10x_hd.o(.text)
    DMA2_Channel4_5_IRQHandler               0x08000237   Thumb Code     0  startup_stm32f10x_hd.o(.text)
    EXTI0_IRQHandler                         0x08000237   Thumb Code     0  startup_stm32f10x_hd.o(.text)
    EXTI15_10_IRQHandler                     0x08000237   Thumb Code     0  startup_stm32f10x_hd.o(.text)
    EXTI1_IRQHandler                         0x08000237   Thumb Code     0  startup_stm32f10x_hd.o(.text)
    EXTI2_IRQHandler                         0x08000237   Thumb Code     0  startup_stm32f10x_hd.o(.text)
    EXTI3_IRQHandler                         0x08000237   Thumb Code     0  startup_stm32f10x_hd.o(.text)
    EXTI4_IRQHandler                         0x08000237   Thumb Code     0  startup_stm32f10x_hd.o(.text)
    EXTI9_5_IRQHandler                       0x08000237   Thumb Code     0  startup_stm32f10x_hd.o(.text)
    FLASH_IRQHandler                         0x08000237   Thumb Code     0  startup_stm32f10x_hd.o(.text)
    FSMC_IRQHandler                          0x08000237   Thumb Code     0  startup_stm32f10x_hd.o(.text)
    I2C1_ER_IRQHandler                       0x08000237   Thumb Code     0  startup_stm32f10x_hd.o(.text)
    I2C1_EV_IRQHandler                       0x08000237   Thumb Code     0  startup_stm32f10x_hd.o(.text)
    I2C2_ER_IRQHandler                       0x08000237   Thumb Code     0  startup_stm32f10x_hd.o(.text)
    I2C2_EV_IRQHandler                       0x08000237   Thumb Code     0  startup_stm32f10x_hd.o(.text)
    PVD_IRQHandler                           0x08000237   Thumb Code     0  startup_stm32f10x_hd.o(.text)
    RCC_IRQHandler                           0x08000237   Thumb Code     0  startup_stm32f10x_hd.o(.text)
    RTCAlarm_IRQHandler                      0x08000237   Thumb Code     0  startup_stm32f10x_hd.o(.text)
    RTC_IRQHandler                           0x08000237   Thumb Code     0  startup_stm32f10x_hd.o(.text)
    SDIO_IRQHandler                          0x08000237   Thumb Code     0  startup_stm32f10x_hd.o(.text)
    SPI1_IRQHandler                          0x08000237   Thumb Code     0  startup_stm32f10x_hd.o(.text)
    SPI2_IRQHandler                          0x08000237   Thumb Code     0  startup_stm32f10x_hd.o(.text)
    SPI3_IRQHandler                          0x08000237   Thumb Code     0  startup_stm32f10x_hd.o(.text)
    TAMPER_IRQHandler                        0x08000237   Thumb Code     0  startup_stm32f10x_hd.o(.text)
    TIM1_BRK_IRQHandler                      0x08000237   Thumb Code     0  startup_stm32f10x_hd.o(.text)
    TIM1_CC_IRQHandler                       0x08000237   Thumb Code     0  startup_stm32f10x_hd.o(.text)
    TIM1_TRG_COM_IRQHandler                  0x08000237   Thumb Code     0  startup_stm32f10x_hd.o(.text)
    TIM1_UP_IRQHandler                       0x08000237   Thumb Code     0  startup_stm32f10x_hd.o(.text)
    TIM3_IRQHandler                          0x08000237   Thumb Code     0  startup_stm32f10x_hd.o(.text)
    TIM4_IRQHandler                          0x08000237   Thumb Code     0  startup_stm32f10x_hd.o(.text)
    TIM5_IRQHandler                          0x08000237   Thumb Code     0  startup_stm32f10x_hd.o(.text)
    TIM6_IRQHandler                          0x08000237   Thumb Code     0  startup_stm32f10x_hd.o(.text)
    TIM7_IRQHandler                          0x08000237   Thumb Code     0  startup_stm32f10x_hd.o(.text)
    TIM8_BRK_IRQHandler                      0x08000237   Thumb Code     0  startup_stm32f10x_hd.o(.text)
    TIM8_CC_IRQHandler                       0x08000237   Thumb Code     0  startup_stm32f10x_hd.o(.text)
    TIM8_TRG_COM_IRQHandler                  0x08000237   Thumb Code     0  startup_stm32f10x_hd.o(.text)
    TIM8_UP_IRQHandler                       0x08000237   Thumb Code     0  startup_stm32f10x_hd.o(.text)
    UART4_IRQHandler                         0x08000237   Thumb Code     0  startup_stm32f10x_hd.o(.text)
    UART5_IRQHandler                         0x08000237   Thumb Code     0  startup_stm32f10x_hd.o(.text)
    USART1_IRQHandler                        0x08000237   Thumb Code     0  startup_stm32f10x_hd.o(.text)
    USART2_IRQHandler                        0x08000237   Thumb Code     0  startup_stm32f10x_hd.o(.text)
    USART3_IRQHandler                        0x08000237   Thumb Code     0  startup_stm32f10x_hd.o(.text)
    USBWakeUp_IRQHandler                     0x08000237   Thumb Code     0  startup_stm32f10x_hd.o(.text)
    USB_HP_CAN1_TX_IRQHandler                0x08000237   Thumb Code     0  startup_stm32f10x_hd.o(.text)
    USB_LP_CAN1_RX0_IRQHandler               0x08000237   Thumb Code     0  startup_stm32f10x_hd.o(.text)
    WWDG_IRQHandler                          0x08000237   Thumb Code     0  startup_stm32f10x_hd.o(.text)
    __user_initial_stackheap                 0x08000239   Thumb Code     0  startup_stm32f10x_hd.o(.text)
    SystemInit                               0x08000339   Thumb Code    78  system_stm32f10x.o(.text)
    SystemCoreClockUpdate                    0x08000387   Thumb Code   142  system_stm32f10x.o(.text)
    NVIC_PriorityGroupConfig                 0x08000439   Thumb Code    10  misc.o(.text)
    NVIC_Init                                0x08000443   Thumb Code   102  misc.o(.text)
    NVIC_SetVectorTable                      0x080004a9   Thumb Code    14  misc.o(.text)
    NVIC_SystemLPConfig                      0x080004b7   Thumb Code    34  misc.o(.text)
    SysTick_CLKSourceConfig                  0x080004d9   Thumb Code    40  misc.o(.text)
    FLASH_SetLatency                         0x08000515   Thumb Code    18  stm32f10x_flash.o(.text)
    FLASH_HalfCycleAccessCmd                 0x08000527   Thumb Code    22  stm32f10x_flash.o(.text)
    FLASH_PrefetchBufferCmd                  0x0800053d   Thumb Code    22  stm32f10x_flash.o(.text)
    FLASH_Unlock                             0x08000553   Thumb Code    12  stm32f10x_flash.o(.text)
    FLASH_UnlockBank1                        0x0800055f   Thumb Code    12  stm32f10x_flash.o(.text)
    FLASH_Lock                               0x0800056b   Thumb Code    14  stm32f10x_flash.o(.text)
    FLASH_LockBank1                          0x08000579   Thumb Code    14  stm32f10x_flash.o(.text)
    FLASH_GetBank1Status                     0x08000587   Thumb Code    48  stm32f10x_flash.o(.text)
    FLASH_WaitForLastOperation               0x080005b7   Thumb Code    38  stm32f10x_flash.o(.text)
    FLASH_ErasePage                          0x080005dd   Thumb Code    72  stm32f10x_flash.o(.text)
    FLASH_EraseAllPages                      0x08000625   Thumb Code    68  stm32f10x_flash.o(.text)
    FLASH_WaitForLastBank1Operation          0x08000669   Thumb Code    38  stm32f10x_flash.o(.text)
    FLASH_EraseAllBank1Pages                 0x0800068f   Thumb Code    68  stm32f10x_flash.o(.text)
    FLASH_GetReadOutProtectionStatus         0x080006d3   Thumb Code    20  stm32f10x_flash.o(.text)
    FLASH_EraseOptionBytes                   0x080006e7   Thumb Code   150  stm32f10x_flash.o(.text)
    FLASH_ProgramWord                        0x0800077d   Thumb Code   102  stm32f10x_flash.o(.text)
    FLASH_ProgramHalfWord                    0x080007e3   Thumb Code    60  stm32f10x_flash.o(.text)
    FLASH_ProgramOptionByteData              0x0800081f   Thumb Code    72  stm32f10x_flash.o(.text)
    FLASH_EnableWriteProtection              0x08000867   Thumb Code   200  stm32f10x_flash.o(.text)
    FLASH_ReadOutProtection                  0x0800092f   Thumb Code   156  stm32f10x_flash.o(.text)
    FLASH_UserOptionByteConfig               0x080009cb   Thumb Code    88  stm32f10x_flash.o(.text)
    FLASH_GetUserOptionByte                  0x08000a23   Thumb Code     8  stm32f10x_flash.o(.text)
    FLASH_GetWriteProtectionOptionByte       0x08000a2b   Thumb Code     6  stm32f10x_flash.o(.text)
    FLASH_GetPrefetchBufferStatus            0x08000a31   Thumb Code    20  stm32f10x_flash.o(.text)
    FLASH_ITConfig                           0x08000a45   Thumb Code    26  stm32f10x_flash.o(.text)
    FLASH_GetFlagStatus                      0x08000a5f   Thumb Code    42  stm32f10x_flash.o(.text)
    FLASH_ClearFlag                          0x08000a89   Thumb Code     6  stm32f10x_flash.o(.text)
    FLASH_GetStatus                          0x08000a8f   Thumb Code    48  stm32f10x_flash.o(.text)
    GPIO_DeInit                              0x08000ad1   Thumb Code   172  stm32f10x_gpio.o(.text)
    GPIO_AFIODeInit                          0x08000b7d   Thumb Code    20  stm32f10x_gpio.o(.text)
    GPIO_Init                                0x08000b91   Thumb Code   274  stm32f10x_gpio.o(.text)
    GPIO_StructInit                          0x08000ca3   Thumb Code    16  stm32f10x_gpio.o(.text)
    GPIO_ReadInputDataBit                    0x08000cb3   Thumb Code    18  stm32f10x_gpio.o(.text)
    GPIO_ReadInputData                       0x08000cc5   Thumb Code     8  stm32f10x_gpio.o(.text)
    GPIO_ReadOutputDataBit                   0x08000ccd   Thumb Code    18  stm32f10x_gpio.o(.text)
    GPIO_ReadOutputData                      0x08000cdf   Thumb Code     8  stm32f10x_gpio.o(.text)
    GPIO_SetBits                             0x08000ce7   Thumb Code     4  stm32f10x_gpio.o(.text)
    GPIO_ResetBits                           0x08000ceb   Thumb Code     4  stm32f10x_gpio.o(.text)
    GPIO_WriteBit                            0x08000cef   Thumb Code    10  stm32f10x_gpio.o(.text)
    GPIO_Write                               0x08000cf9   Thumb Code     4  stm32f10x_gpio.o(.text)
    GPIO_PinLockConfig                       0x08000cfd   Thumb Code    18  stm32f10x_gpio.o(.text)
    GPIO_EventOutputConfig                   0x08000d0f   Thumb Code    26  stm32f10x_gpio.o(.text)
    GPIO_EventOutputCmd                      0x08000d29   Thumb Code     6  stm32f10x_gpio.o(.text)
    GPIO_PinRemapConfig                      0x08000d2f   Thumb Code   138  stm32f10x_gpio.o(.text)
    GPIO_EXTILineConfig                      0x08000db9   Thumb Code    66  stm32f10x_gpio.o(.text)
    GPIO_ETH_MediaInterfaceConfig            0x08000dfb   Thumb Code     6  stm32f10x_gpio.o(.text)
    RCC_DeInit                               0x08000e29   Thumb Code    64  stm32f10x_rcc.o(.text)
    RCC_HSEConfig                            0x08000e69   Thumb Code    70  stm32f10x_rcc.o(.text)
    RCC_GetFlagStatus                        0x08000eaf   Thumb Code    56  stm32f10x_rcc.o(.text)
    RCC_WaitForHSEStartUp                    0x08000ee7   Thumb Code    56  stm32f10x_rcc.o(.text)
    RCC_AdjustHSICalibrationValue            0x08000f1f   Thumb Code    20  stm32f10x_rcc.o(.text)
    RCC_HSICmd                               0x08000f33   Thumb Code     6  stm32f10x_rcc.o(.text)
    RCC_PLLConfig                            0x08000f39   Thumb Code    24  stm32f10x_rcc.o(.text)
    RCC_PLLCmd                               0x08000f51   Thumb Code     6  stm32f10x_rcc.o(.text)
    RCC_SYSCLKConfig                         0x08000f57   Thumb Code    18  stm32f10x_rcc.o(.text)
    RCC_GetSYSCLKSource                      0x08000f69   Thumb Code    10  stm32f10x_rcc.o(.text)
    RCC_HCLKConfig                           0x08000f73   Thumb Code    18  stm32f10x_rcc.o(.text)
    RCC_PCLK1Config                          0x08000f85   Thumb Code    18  stm32f10x_rcc.o(.text)
    RCC_PCLK2Config                          0x08000f97   Thumb Code    20  stm32f10x_rcc.o(.text)
    RCC_ITConfig                             0x08000fab   Thumb Code    26  stm32f10x_rcc.o(.text)
    RCC_USBCLKConfig                         0x08000fc5   Thumb Code     6  stm32f10x_rcc.o(.text)
    RCC_ADCCLKConfig                         0x08000fcb   Thumb Code    18  stm32f10x_rcc.o(.text)
    RCC_LSEConfig                            0x08000fdd   Thumb Code    44  stm32f10x_rcc.o(.text)
    RCC_LSICmd                               0x08001009   Thumb Code     6  stm32f10x_rcc.o(.text)
    RCC_RTCCLKConfig                         0x0800100f   Thumb Code    12  stm32f10x_rcc.o(.text)
    RCC_RTCCLKCmd                            0x0800101b   Thumb Code     8  stm32f10x_rcc.o(.text)
    RCC_GetClocksFreq                        0x08001023   Thumb Code   192  stm32f10x_rcc.o(.text)
    RCC_AHBPeriphClockCmd                    0x080010e3   Thumb Code    26  stm32f10x_rcc.o(.text)
    RCC_APB2PeriphClockCmd                   0x080010fd   Thumb Code    26  stm32f10x_rcc.o(.text)
    RCC_APB1PeriphClockCmd                   0x08001117   Thumb Code    26  stm32f10x_rcc.o(.text)
    RCC_APB2PeriphResetCmd                   0x08001131   Thumb Code    26  stm32f10x_rcc.o(.text)
    RCC_APB1PeriphResetCmd                   0x0800114b   Thumb Code    26  stm32f10x_rcc.o(.text)
    RCC_BackupResetCmd                       0x08001165   Thumb Code     8  stm32f10x_rcc.o(.text)
    RCC_ClockSecuritySystemCmd               0x0800116d   Thumb Code     6  stm32f10x_rcc.o(.text)
    RCC_MCOConfig                            0x08001173   Thumb Code     6  stm32f10x_rcc.o(.text)
    RCC_ClearFlag                            0x08001179   Thumb Code    14  stm32f10x_rcc.o(.text)
    RCC_GetITStatus                          0x08001187   Thumb Code    20  stm32f10x_rcc.o(.text)
    RCC_ClearITPendingBit                    0x0800119b   Thumb Code     6  stm32f10x_rcc.o(.text)
    USART_DeInit                             0x080011cd   Thumb Code   134  stm32f10x_usart.o(.text)
    USART_Init                               0x08001253   Thumb Code   210  stm32f10x_usart.o(.text)
    USART_StructInit                         0x08001325   Thumb Code    24  stm32f10x_usart.o(.text)
    USART_ClockInit                          0x0800133d   Thumb Code    34  stm32f10x_usart.o(.text)
    USART_ClockStructInit                    0x0800135f   Thumb Code    12  stm32f10x_usart.o(.text)
    USART_Cmd                                0x0800136b   Thumb Code    24  stm32f10x_usart.o(.text)
    USART_ITConfig                           0x08001383   Thumb Code    74  stm32f10x_usart.o(.text)
    USART_DMACmd                             0x080013cd   Thumb Code    18  stm32f10x_usart.o(.text)
    USART_SetAddress                         0x080013df   Thumb Code    18  stm32f10x_usart.o(.text)
    USART_WakeUpConfig                       0x080013f1   Thumb Code    18  stm32f10x_usart.o(.text)
    USART_ReceiverWakeUpCmd                  0x08001403   Thumb Code    24  stm32f10x_usart.o(.text)
    USART_LINBreakDetectLengthConfig         0x0800141b   Thumb Code    18  stm32f10x_usart.o(.text)
    USART_LINCmd                             0x0800142d   Thumb Code    24  stm32f10x_usart.o(.text)
    USART_SendData                           0x08001445   Thumb Code     8  stm32f10x_usart.o(.text)
    USART_ReceiveData                        0x0800144d   Thumb Code    10  stm32f10x_usart.o(.text)
    USART_SendBreak                          0x08001457   Thumb Code    10  stm32f10x_usart.o(.text)
    USART_SetGuardTime                       0x08001461   Thumb Code    16  stm32f10x_usart.o(.text)
    USART_SetPrescaler                       0x08001471   Thumb Code    16  stm32f10x_usart.o(.text)
    USART_SmartCardCmd                       0x08001481   Thumb Code    24  stm32f10x_usart.o(.text)
    USART_SmartCardNACKCmd                   0x08001499   Thumb Code    24  stm32f10x_usart.o(.text)
    USART_HalfDuplexCmd                      0x080014b1   Thumb Code    24  stm32f10x_usart.o(.text)
    USART_OverSampling8Cmd                   0x080014c9   Thumb Code    22  stm32f10x_usart.o(.text)
    USART_OneBitMethodCmd                    0x080014df   Thumb Code    24  stm32f10x_usart.o(.text)
    USART_IrDAConfig                         0x080014f7   Thumb Code    18  stm32f10x_usart.o(.text)
    USART_IrDACmd                            0x08001509   Thumb Code    24  stm32f10x_usart.o(.text)
    USART_GetFlagStatus                      0x08001521   Thumb Code    26  stm32f10x_usart.o(.text)
    USART_ClearFlag                          0x0800153b   Thumb Code    18  stm32f10x_usart.o(.text)
    USART_GetITStatus                        0x0800154d   Thumb Code    84  stm32f10x_usart.o(.text)
    USART_ClearITPendingBit                  0x080015a1   Thumb Code    52  stm32f10x_usart.o(.text)
    TIM_DeInit                               0x080015d5   Thumb Code   424  stm32f10x_tim.o(.text)
    TIM_TimeBaseInit                         0x0800177d   Thumb Code   122  stm32f10x_tim.o(.text)
    TIM_OC1Init                              0x080017f7   Thumb Code   132  stm32f10x_tim.o(.text)
    TIM_OC2Init                              0x0800187b   Thumb Code   154  stm32f10x_tim.o(.text)
    TIM_OC3Init                              0x08001915   Thumb Code   150  stm32f10x_tim.o(.text)
    TIM_OC4Init                              0x080019ab   Thumb Code   182  stm32f10x_tim.o(.text)
    TIM_SetIC4Prescaler                      0x08001a61   Thumb Code    26  stm32f10x_tim.o(.text)
    TIM_SetIC3Prescaler                      0x08001afd   Thumb Code    18  stm32f10x_tim.o(.text)
    TIM_SetIC2Prescaler                      0x08001b89   Thumb Code    26  stm32f10x_tim.o(.text)
    TIM_SetIC1Prescaler                      0x08001c25   Thumb Code    18  stm32f10x_tim.o(.text)
    TIM_ICInit                               0x08001ca3   Thumb Code   150  stm32f10x_tim.o(.text)
    TIM_PWMIConfig                           0x08001d39   Thumb Code   124  stm32f10x_tim.o(.text)
    TIM_BDTRConfig                           0x08001db5   Thumb Code    32  stm32f10x_tim.o(.text)
    TIM_TimeBaseStructInit                   0x08001dd5   Thumb Code    18  stm32f10x_tim.o(.text)
    TIM_OCStructInit                         0x08001de7   Thumb Code    20  stm32f10x_tim.o(.text)
    TIM_ICStructInit                         0x08001dfb   Thumb Code    18  stm32f10x_tim.o(.text)
    TIM_BDTRStructInit                       0x08001e0d   Thumb Code    40  stm32f10x_tim.o(.text)
    TIM_Cmd                                  0x08001e35   Thumb Code    24  stm32f10x_tim.o(.text)
    TIM_CtrlPWMOutputs                       0x08001e4d   Thumb Code    30  stm32f10x_tim.o(.text)
    TIM_ITConfig                             0x08001e6b   Thumb Code    18  stm32f10x_tim.o(.text)
    TIM_GenerateEvent                        0x08001e7d   Thumb Code     4  stm32f10x_tim.o(.text)
    TIM_DMAConfig                            0x08001e81   Thumb Code    10  stm32f10x_tim.o(.text)
    TIM_DMACmd                               0x08001e8b   Thumb Code    18  stm32f10x_tim.o(.text)
    TIM_InternalClockConfig                  0x08001e9d   Thumb Code    12  stm32f10x_tim.o(.text)
    TIM_SelectInputTrigger                   0x08001ea9   Thumb Code    18  stm32f10x_tim.o(.text)
    TIM_ITRxExternalClockConfig              0x08001ebb   Thumb Code    24  stm32f10x_tim.o(.text)
    TIM_TIxExternalClockConfig               0x08001ed3   Thumb Code    62  stm32f10x_tim.o(.text)
    TIM_ETRConfig                            0x08001f11   Thumb Code    28  stm32f10x_tim.o(.text)
    TIM_ETRClockMode1Config                  0x08001f2d   Thumb Code    54  stm32f10x_tim.o(.text)
    TIM_ETRClockMode2Config                  0x08001f63   Thumb Code    32  stm32f10x_tim.o(.text)
    TIM_PrescalerConfig                      0x08001f83   Thumb Code     6  stm32f10x_tim.o(.text)
    TIM_CounterModeConfig                    0x08001f89   Thumb Code    18  stm32f10x_tim.o(.text)
    TIM_EncoderInterfaceConfig               0x08001f9b   Thumb Code    66  stm32f10x_tim.o(.text)
    TIM_ForcedOC1Config                      0x08001fdd   Thumb Code    18  stm32f10x_tim.o(.text)
    TIM_ForcedOC2Config                      0x08001fef   Thumb Code    26  stm32f10x_tim.o(.text)
    TIM_ForcedOC3Config                      0x08002009   Thumb Code    18  stm32f10x_tim.o(.text)
    TIM_ForcedOC4Config                      0x0800201b   Thumb Code    26  stm32f10x_tim.o(.text)
    TIM_ARRPreloadConfig                     0x08002035   Thumb Code    24  stm32f10x_tim.o(.text)
    TIM_SelectCOM                            0x0800204d   Thumb Code    24  stm32f10x_tim.o(.text)
    TIM_SelectCCDMA                          0x08002065   Thumb Code    24  stm32f10x_tim.o(.text)
    TIM_CCPreloadControl                     0x0800207d   Thumb Code    24  stm32f10x_tim.o(.text)
    TIM_OC1PreloadConfig                     0x08002095   Thumb Code    18  stm32f10x_tim.o(.text)
    TIM_OC2PreloadConfig                     0x080020a7   Thumb Code    26  stm32f10x_tim.o(.text)
    TIM_OC3PreloadConfig                     0x080020c1   Thumb Code    18  stm32f10x_tim.o(.text)
    TIM_OC4PreloadConfig                     0x080020d3   Thumb Code    26  stm32f10x_tim.o(.text)
    TIM_OC1FastConfig                        0x080020ed   Thumb Code    18  stm32f10x_tim.o(.text)
    TIM_OC2FastConfig                        0x080020ff   Thumb Code    26  stm32f10x_tim.o(.text)
    TIM_OC3FastConfig                        0x08002119   Thumb Code    18  stm32f10x_tim.o(.text)
    TIM_OC4FastConfig                        0x0800212b   Thumb Code    26  stm32f10x_tim.o(.text)
    TIM_ClearOC1Ref                          0x08002145   Thumb Code    18  stm32f10x_tim.o(.text)
    TIM_ClearOC2Ref                          0x08002157   Thumb Code    24  stm32f10x_tim.o(.text)
    TIM_ClearOC3Ref                          0x0800216f   Thumb Code    18  stm32f10x_tim.o(.text)
    TIM_ClearOC4Ref                          0x08002181   Thumb Code    24  stm32f10x_tim.o(.text)
    TIM_OC1PolarityConfig                    0x08002199   Thumb Code    18  stm32f10x_tim.o(.text)
    TIM_OC1NPolarityConfig                   0x080021ab   Thumb Code    18  stm32f10x_tim.o(.text)
    TIM_OC2PolarityConfig                    0x080021bd   Thumb Code    26  stm32f10x_tim.o(.text)
    TIM_OC2NPolarityConfig                   0x080021d7   Thumb Code    26  stm32f10x_tim.o(.text)
    TIM_OC3PolarityConfig                    0x080021f1   Thumb Code    26  stm32f10x_tim.o(.text)
    TIM_OC3NPolarityConfig                   0x0800220b   Thumb Code    26  stm32f10x_tim.o(.text)
    TIM_OC4PolarityConfig                    0x08002225   Thumb Code    26  stm32f10x_tim.o(.text)
    TIM_CCxCmd                               0x0800223f   Thumb Code    30  stm32f10x_tim.o(.text)
    TIM_CCxNCmd                              0x0800225d   Thumb Code    30  stm32f10x_tim.o(.text)
    TIM_SelectOCxM                           0x0800227b   Thumb Code    82  stm32f10x_tim.o(.text)
    TIM_UpdateDisableConfig                  0x080022cd   Thumb Code    24  stm32f10x_tim.o(.text)
    TIM_UpdateRequestConfig                  0x080022e5   Thumb Code    24  stm32f10x_tim.o(.text)
    TIM_SelectHallSensor                     0x080022fd   Thumb Code    24  stm32f10x_tim.o(.text)
    TIM_SelectOnePulseMode                   0x08002315   Thumb Code    18  stm32f10x_tim.o(.text)
    TIM_SelectOutputTrigger                  0x08002327   Thumb Code    18  stm32f10x_tim.o(.text)
    TIM_SelectSlaveMode                      0x08002339   Thumb Code    18  stm32f10x_tim.o(.text)
    TIM_SelectMasterSlaveMode                0x0800234b   Thumb Code    18  stm32f10x_tim.o(.text)
    TIM_SetCounter                           0x0800235d   Thumb Code     4  stm32f10x_tim.o(.text)
    TIM_SetAutoreload                        0x08002361   Thumb Code     4  stm32f10x_tim.o(.text)
    TIM_SetCompare1                          0x08002365   Thumb Code     4  stm32f10x_tim.o(.text)
    TIM_SetCompare2                          0x08002369   Thumb Code     4  stm32f10x_tim.o(.text)
    TIM_SetCompare3                          0x0800236d   Thumb Code     4  stm32f10x_tim.o(.text)
    TIM_SetCompare4                          0x08002371   Thumb Code     6  stm32f10x_tim.o(.text)
    TIM_SetClockDivision                     0x08002377   Thumb Code    18  stm32f10x_tim.o(.text)
    TIM_GetCapture1                          0x08002389   Thumb Code     6  stm32f10x_tim.o(.text)
    TIM_GetCapture2                          0x0800238f   Thumb Code     6  stm32f10x_tim.o(.text)
    TIM_GetCapture3                          0x08002395   Thumb Code     6  stm32f10x_tim.o(.text)
    TIM_GetCapture4                          0x0800239b   Thumb Code     8  stm32f10x_tim.o(.text)
    TIM_GetCounter                           0x080023a3   Thumb Code     6  stm32f10x_tim.o(.text)
    TIM_GetPrescaler                         0x080023a9   Thumb Code     6  stm32f10x_tim.o(.text)
    TIM_GetFlagStatus                        0x080023af   Thumb Code    18  stm32f10x_tim.o(.text)
    TIM_ClearFlag                            0x080023c1   Thumb Code     6  stm32f10x_tim.o(.text)
    TIM_GetITStatus                          0x080023c7   Thumb Code    34  stm32f10x_tim.o(.text)
    TIM_ClearITPendingBit                    0x080023e9   Thumb Code     6  stm32f10x_tim.o(.text)
    ADC_DeInit                               0x080023f1   Thumb Code    78  stm32f10x_adc.o(.text)
    ADC_Init                                 0x0800243f   Thumb Code    70  stm32f10x_adc.o(.text)
    ADC_StructInit                           0x08002485   Thumb Code    18  stm32f10x_adc.o(.text)
    ADC_Cmd                                  0x08002497   Thumb Code    22  stm32f10x_adc.o(.text)
    ADC_DMACmd                               0x080024ad   Thumb Code    22  stm32f10x_adc.o(.text)
    ADC_ITConfig                             0x080024c3   Thumb Code    24  stm32f10x_adc.o(.text)
    ADC_ResetCalibration                     0x080024db   Thumb Code    10  stm32f10x_adc.o(.text)
    ADC_GetResetCalibrationStatus            0x080024e5   Thumb Code    20  stm32f10x_adc.o(.text)
    ADC_StartCalibration                     0x080024f9   Thumb Code    10  stm32f10x_adc.o(.text)
    ADC_GetCalibrationStatus                 0x08002503   Thumb Code    20  stm32f10x_adc.o(.text)
    ADC_SoftwareStartConvCmd                 0x08002517   Thumb Code    22  stm32f10x_adc.o(.text)
    ADC_GetSoftwareStartConvStatus           0x0800252d   Thumb Code    20  stm32f10x_adc.o(.text)
    ADC_DiscModeChannelCountConfig           0x08002541   Thumb Code    24  stm32f10x_adc.o(.text)
    ADC_DiscModeCmd                          0x08002559   Thumb Code    22  stm32f10x_adc.o(.text)
    ADC_RegularChannelConfig                 0x0800256f   Thumb Code   184  stm32f10x_adc.o(.text)
    ADC_ExternalTrigConvCmd                  0x08002627   Thumb Code    22  stm32f10x_adc.o(.text)
    ADC_GetConversionValue                   0x0800263d   Thumb Code     8  stm32f10x_adc.o(.text)
    ADC_GetDualModeConversionValue           0x08002645   Thumb Code     8  stm32f10x_adc.o(.text)
    ADC_AutoInjectedConvCmd                  0x0800264d   Thumb Code    22  stm32f10x_adc.o(.text)
    ADC_InjectedDiscModeCmd                  0x08002663   Thumb Code    22  stm32f10x_adc.o(.text)
    ADC_ExternalTrigInjectedConvConfig       0x08002679   Thumb Code    16  stm32f10x_adc.o(.text)
    ADC_ExternalTrigInjectedConvCmd          0x08002689   Thumb Code    22  stm32f10x_adc.o(.text)
    ADC_SoftwareStartInjectedConvCmd         0x0800269f   Thumb Code    22  stm32f10x_adc.o(.text)
    ADC_GetSoftwareStartInjectedConvCmdStatus 0x080026b5   Thumb Code    20  stm32f10x_adc.o(.text)
    ADC_InjectedChannelConfig                0x080026c9   Thumb Code   130  stm32f10x_adc.o(.text)
    ADC_InjectedSequencerLengthConfig        0x0800274b   Thumb Code    24  stm32f10x_adc.o(.text)
    ADC_SetInjectedOffset                    0x08002763   Thumb Code    20  stm32f10x_adc.o(.text)
    ADC_GetInjectedConversionValue           0x08002777   Thumb Code    28  stm32f10x_adc.o(.text)
    ADC_AnalogWatchdogCmd                    0x08002793   Thumb Code    16  stm32f10x_adc.o(.text)
    ADC_AnalogWatchdogThresholdsConfig       0x080027a3   Thumb Code     6  stm32f10x_adc.o(.text)
    ADC_AnalogWatchdogSingleChannelConfig    0x080027a9   Thumb Code    16  stm32f10x_adc.o(.text)
    ADC_TempSensorVrefintCmd                 0x080027b9   Thumb Code    64  stm32f10x_adc.o(.text)
    ADC_GetFlagStatus                        0x080027f9   Thumb Code    18  stm32f10x_adc.o(.text)
    ADC_ClearFlag                            0x0800280b   Thumb Code     6  stm32f10x_adc.o(.text)
    ADC_GetITStatus                          0x08002811   Thumb Code    36  stm32f10x_adc.o(.text)
    ADC_ClearITPendingBit                    0x08002835   Thumb Code    10  stm32f10x_adc.o(.text)
    DMA_DeInit                               0x08002841   Thumb Code   324  stm32f10x_dma.o(.text)
    DMA_Init                                 0x08002985   Thumb Code    60  stm32f10x_dma.o(.text)
    DMA_StructInit                           0x080029c1   Thumb Code    26  stm32f10x_dma.o(.text)
    DMA_Cmd                                  0x080029db   Thumb Code    24  stm32f10x_dma.o(.text)
    DMA_ITConfig                             0x080029f3   Thumb Code    18  stm32f10x_dma.o(.text)
    DMA_SetCurrDataCounter                   0x08002a05   Thumb Code     4  stm32f10x_dma.o(.text)
    DMA_GetCurrDataCounter                   0x08002a09   Thumb Code     8  stm32f10x_dma.o(.text)
    DMA_GetFlagStatus                        0x08002a11   Thumb Code    38  stm32f10x_dma.o(.text)
    DMA_ClearFlag                            0x08002a37   Thumb Code    22  stm32f10x_dma.o(.text)
    DMA_GetITStatus                          0x08002a4d   Thumb Code    38  stm32f10x_dma.o(.text)
    DMA_ClearITPendingBit                    0x08002a73   Thumb Code    22  stm32f10x_dma.o(.text)
    leftMotor_Constructor                    0x08002a91   Thumb Code   150  motor_ctrl.o(.text)
    rightMotor_Constructor                   0x08002b27   Thumb Code   150  motor_ctrl.o(.text)
    leftMotor_ClearCache                     0x08002bbd   Thumb Code   108  motor_ctrl.o(.text)
    rightMotor_ClearCache                    0x08002c29   Thumb Code   108  motor_ctrl.o(.text)
    MotorInit                                0x08002c95   Thumb Code   210  motor_ctrl.o(.text)
    MotorENCInit                             0x08002d67   Thumb Code   226  motor_ctrl.o(.text)
    LeftMotorDrv                             0x08002e49   Thumb Code   116  motor_ctrl.o(.text)
    LeftmotorPID                             0x08002ebd   Thumb Code   312  motor_ctrl.o(.text)
    leftMotor_TargetDCalculation             0x08002ff5   Thumb Code   324  motor_ctrl.o(.text)
    RightMotorDrv                            0x08003139   Thumb Code    62  motor_ctrl.o(.text)
    RightmotorPID                            0x08003177   Thumb Code   386  motor_ctrl.o(.text)
    rightMotor_TargetDCalculation            0x080032f9   Thumb Code   318  motor_ctrl.o(.text)
    SearchTurnLeft                           0x08003437   Thumb Code   222  motor_ctrl.o(.text)
    SearchTurnRight                          0x08003515   Thumb Code   242  motor_ctrl.o(.text)
    MouseStart                               0x08003607   Thumb Code   106  motor_ctrl.o(.text)
    SearchBreak                              0x08003671   Thumb Code   102  motor_ctrl.o(.text)
    MouseGoBack                              0x080036d7   Thumb Code   260  motor_ctrl.o(.text)
    MouseTurnBack                            0x080037db   Thumb Code   220  motor_ctrl.o(.text)
    IRSensor_Constructor                     0x080038dd   Thumb Code    98  irsensor_prcs.o(.text)
    SensorDMAInit                            0x0800393f   Thumb Code    84  irsensor_prcs.o(.text)
    SensorIRInit                             0x08003993   Thumb Code   320  irsensor_prcs.o(.text)
    IRSensor_ClearCache                      0x08003ad3   Thumb Code    34  irsensor_prcs.o(.text)
    IRSensor_DisCorrection                   0x08003af5   Thumb Code   338  irsensor_prcs.o(.text)
    IRCheck                                  0x08003c47   Thumb Code   578  irsensor_prcs.o(.text)
    InterfaceInit                            0x08003ea5   Thumb Code   178  interface.o(.text)
    DelayInit                                0x08003f61   Thumb Code    50  delay.o(.text)
    Delayus                                  0x08003f93   Thumb Code    54  delay.o(.text)
    Delayms                                  0x08003fc9   Thumb Code    54  delay.o(.text)
    KeyCheck                                 0x08004009   Thumb Code    40  maze.o(.text)
    DataCache                                0x08004031   Thumb Code    80  maze.o(.text)
    WallCheck                                0x08004081   Thumb Code   228  maze.o(.text)
    CoorUpdate                               0x08004165   Thumb Code    86  maze.o(.text)
    MouseGoStr                               0x080041bb   Thumb Code   134  maze.o(.text)
    MapStepEdit                              0x08004241   Thumb Code  1360  maze.o(.text)
    SpurtGoTo                                0x08004791   Thumb Code   340  maze.o(.text)
    SearchGoAhead                            0x080048e5   Thumb Code   204  maze.o(.text)
    MapBlockDataGet                          0x080049b1   Thumb Code   156  maze.o(.text)
    CrossWayChoice                           0x08004a4d   Thumb Code   168  maze.o(.text)
    CrossWayCheck                            0x08004af5   Thumb Code   128  maze.o(.text)
    Timer2IRQInit                            0x08004b75   Thumb Code   118  maze.o(.text)
    KeyInit                                  0x08004beb   Thumb Code    24  maze.o(.text)
    ClockInit                                0x08004c03   Thumb Code   146  maze.o(.text)
    main                                     0x08004c95   Thumb Code   750  maze.o(.text)
    Abs                                      0x08004f83   Thumb Code    14  maze.o(.text)
    TIM2_IRQHandler                          0x08004f91   Thumb Code    62  maze.o(.text)
    fputc                                    0x08005005   Thumb Code    14  regtarge.o(.text)
    fgetc                                    0x08005013   Thumb Code    16  regtarge.o(.text)
    _ttywrch                                 0x08005023   Thumb Code    12  regtarge.o(.text)
    ferror                                   0x0800502f   Thumb Code     8  regtarge.o(.text)
    _sys_exit                                0x08005037   Thumb Code     4  regtarge.o(.text)
    SendChar                                 0x0800503d   Thumb Code    24  usart.o(.text)
    GetKey                                   0x08005055   Thumb Code    24  usart.o(.text)
    UsartInit                                0x0800506d   Thumb Code   126  usart.o(.text)
    __I$use$semihosting                      0x080050f5   Thumb Code     0  use_no_semi.o(.text)
    __use_no_semihosting_swi                 0x080050f5   Thumb Code     2  use_no_semi.o(.text)
    __2printf                                0x080050f9   Thumb Code    20  noretval__2printf.o(.text)
    __2sprintf                               0x08005111   Thumb Code    34  noretval__2sprintf.o(.text)
    __printf                                 0x08005139   Thumb Code   104  __printf.o(.text)
    _printf_int_dec                          0x080051a1   Thumb Code   102  _printf_dec.o(.text)
    __aeabi_memclr4                          0x08005219   Thumb Code     0  rt_memclr_w.o(.text)
    __aeabi_memclr8                          0x08005219   Thumb Code     0  rt_memclr_w.o(.text)
    __rt_memclr_w                            0x08005219   Thumb Code    78  rt_memclr_w.o(.text)
    _memset_w                                0x0800521d   Thumb Code     0  rt_memclr_w.o(.text)
    __use_two_region_memory                  0x08005267   Thumb Code     2  heapauxi.o(.text)
    __rt_heap_escrow$2region                 0x08005269   Thumb Code     2  heapauxi.o(.text)
    __rt_heap_expand$2region                 0x0800526b   Thumb Code     2  heapauxi.o(.text)
    _printf_int_common                       0x0800526d   Thumb Code   184  _printf_intcommon.o(.text)
    _printf_char_common                      0x0800532f   Thumb Code    32  _printf_char_common.o(.text)
    _sputc                                   0x08005355   Thumb Code    10  _sputc.o(.text)
    _printf_char_file                        0x08005361   Thumb Code    32  _printf_char_file.o(.text)
    __user_setup_stackheap                   0x08005385   Thumb Code    74  sys_stackheap_outer.o(.text)
    exit                                     0x080053cf   Thumb Code    12  exit.o(.text)
    __user_libspace                          0x080053dd   Thumb Code     8  libspace.o(.text)
    __user_perproc_libspace                  0x080053dd   Thumb Code     0  libspace.o(.text)
    __user_perthread_libspace                0x080053dd   Thumb Code     0  libspace.o(.text)
    __aeabi_d2f                              0x080053e5   Thumb Code     0  d2f.o(x$fpl$d2f)
    _d2f                                     0x080053e5   Thumb Code    98  d2f.o(x$fpl$d2f)
    __aeabi_dadd                             0x08005449   Thumb Code     0  daddsub_clz.o(x$fpl$dadd)
    _dadd                                    0x08005449   Thumb Code   332  daddsub_clz.o(x$fpl$dadd)
    __fpl_dcmp_Inf                           0x08005599   Thumb Code    24  dcmpi.o(x$fpl$dcmpinf)
    __aeabi_ddiv                             0x080055b1   Thumb Code     0  ddiv.o(x$fpl$ddiv)
    _ddiv                                    0x080055b1   Thumb Code   552  ddiv.o(x$fpl$ddiv)
    __aeabi_d2iz                             0x08005861   Thumb Code     0  dfix.o(x$fpl$dfix)
    _dfix                                    0x08005861   Thumb Code    94  dfix.o(x$fpl$dfix)
    __aeabi_i2d                              0x080058bf   Thumb Code     0  dflt_clz.o(x$fpl$dflt)
    _dflt                                    0x080058bf   Thumb Code    46  dflt_clz.o(x$fpl$dflt)
    __aeabi_cdcmple                          0x080058ed   Thumb Code     0  dleqf.o(x$fpl$dleqf)
    _dcmple                                  0x080058ed   Thumb Code   120  dleqf.o(x$fpl$dleqf)
    __fpl_dcmple_InfNaN                      0x0800594f   Thumb Code     0  dleqf.o(x$fpl$dleqf)
    __aeabi_dmul                             0x08005965   Thumb Code     0  dmul.o(x$fpl$dmul)
    _dmul                                    0x08005965   Thumb Code   332  dmul.o(x$fpl$dmul)
    __fpl_dnaninf                            0x08005ab9   Thumb Code   156  dnaninf.o(x$fpl$dnaninf)
    __fpl_dretinf                            0x08005b55   Thumb Code    12  dretinf.o(x$fpl$dretinf)
    __aeabi_cdrcmple                         0x08005b61   Thumb Code     0  drleqf.o(x$fpl$drleqf)
    _drcmple                                 0x08005b61   Thumb Code   108  drleqf.o(x$fpl$drleqf)
    __aeabi_drsub                            0x08005bcd   Thumb Code     0  daddsub_clz.o(x$fpl$drsb)
    _drsb                                    0x08005bcd   Thumb Code    22  daddsub_clz.o(x$fpl$drsb)
    __aeabi_dsub                             0x08005be5   Thumb Code     0  daddsub_clz.o(x$fpl$dsub)
    _dsub                                    0x08005be5   Thumb Code   464  daddsub_clz.o(x$fpl$dsub)
    __aeabi_f2d                              0x08005db9   Thumb Code     0  f2d.o(x$fpl$f2d)
    _f2d                                     0x08005db9   Thumb Code    86  f2d.o(x$fpl$f2d)
    __aeabi_fadd                             0x08005e11   Thumb Code     0  faddsub_clz.o(x$fpl$fadd)
    _fadd                                    0x08005e11   Thumb Code   196  faddsub_clz.o(x$fpl$fadd)
    __fpl_fcmp_Inf                           0x08005ed5   Thumb Code    24  fcmpi.o(x$fpl$fcmpinf)
    __aeabi_fdiv                             0x08005eed   Thumb Code     0  fdiv.o(x$fpl$fdiv)
    _fdiv                                    0x08005eed   Thumb Code   384  fdiv.o(x$fpl$fdiv)
    __aeabi_f2iz                             0x08006071   Thumb Code     0  ffix.o(x$fpl$ffix)
    _ffix                                    0x08006071   Thumb Code    54  ffix.o(x$fpl$ffix)
    __aeabi_i2f                              0x080060a9   Thumb Code     0  fflt_clz.o(x$fpl$fflt)
    _fflt                                    0x080060a9   Thumb Code    48  fflt_clz.o(x$fpl$fflt)
    __aeabi_cfcmple                          0x080060d9   Thumb Code     0  fleqf.o(x$fpl$fleqf)
    _fcmple                                  0x080060d9   Thumb Code   104  fleqf.o(x$fpl$fleqf)
    __fpl_fcmple_InfNaN                      0x0800612b   Thumb Code     0  fleqf.o(x$fpl$fleqf)
    __aeabi_fmul                             0x08006141   Thumb Code     0  fmul.o(x$fpl$fmul)
    _fmul                                    0x08006141   Thumb Code   258  fmul.o(x$fpl$fmul)
    __fpl_fnaninf                            0x08006243   Thumb Code   140  fnaninf.o(x$fpl$fnaninf)
    __fpl_fretinf                            0x080062cf   Thumb Code    10  fretinf.o(x$fpl$fretinf)
    __aeabi_cfrcmple                         0x080062d9   Thumb Code     0  frleqf.o(x$fpl$frleqf)
    _frcmple                                 0x080062d9   Thumb Code    98  frleqf.o(x$fpl$frleqf)
    __aeabi_fsub                             0x0800633d   Thumb Code     0  faddsub_clz.o(x$fpl$fsub)
    _fsub                                    0x0800633d   Thumb Code   234  faddsub_clz.o(x$fpl$fsub)
    __I$use$fp                               0x08006426   Number         0  usenofp.o(x$fpl$usenofp)
    Region$$Table$$Base                      0x08006428   Number         0  anon$$obj.o(Region$$Table)
    Region$$Table$$Limit                     0x08006448   Number         0  anon$$obj.o(Region$$Table)
    SystemCoreClock                          0x20000000   Data           4  system_stm32f10x.o(.data)
    AHBPrescTable                            0x20000004   Data          16  system_stm32f10x.o(.data)
    disCheck2                                0x20000028   Data         400  irsensor_prcs.o(.data)
    disCheck3                                0x200001b8   Data         400  irsensor_prcs.o(.data)
    numGroup                                 0x20000354   Data           2  maze.o(.data)
    data                                     0x20000359   Data           4  maze.o(.data)
    __stdout                                 0x20000360   Data           4  regtarge.o(.data)
    __stdin                                  0x20000364   Data           4  regtarge.o(.data)
    leftMotor                                0x20000368   Data        1104  motor_ctrl.o(.bss)
    rightMotor                               0x200007b8   Data        1104  motor_ctrl.o(.bss)
    IRSensor                                 0x20000c08   Data          64  irsensor_prcs.o(.bss)
    dataCache                                0x20000c48   Data       48000  maze.o(.bss)
    mouse                                    0x2000c7c8   Data          12  maze.o(.bss)
    __libspace_start                         0x2000cbd4   Data          96  libspace.o(.bss)
    __temporary_stack_top$libspace           0x2000cc34   Data           0  libspace.o(.bss)



==============================================================================

Memory Map of the image

  Image Entry point : 0x08000131

  Load Region LR_IROM1 (Base: 0x08000000, Size: 0x000067b0, Max: 0x00080000, ABSOLUTE, COMPRESSED[0x00006790])

    Execution Region ER_IROM1 (Base: 0x08000000, Size: 0x00006448, Max: 0x00080000, ABSOLUTE)

    Base Addr    Size         Type   Attr      Idx    E Section Name        Object

    0x08000000   0x00000130   Data   RO            3    RESET               startup_stm32f10x_hd.o
    0x08000130   0x00000008   Code   RO          502  * !!!main             c_w.l(__main.o)
    0x08000138   0x00000034   Code   RO          732    !!!scatter          c_w.l(__scatter.o)
    0x0800016c   0x00000064   Code   RO          730    !!dclz77c           c_w.l(__dclz77c.o)
    0x080001d0   0x0000001c   Code   RO          734    !!handler_zi        c_w.l(__scatter_zi.o)
    0x080001ec   0x00000000   Code   RO          497    .ARM.Collect$$_printf_percent$$00000000  c_w.l(_printf_percent.o)
    0x080001ec   0x00000006   Code   RO          496    .ARM.Collect$$_printf_percent$$00000009  c_w.l(_printf_d.o)
    0x080001f2   0x00000004   Code   RO          567    .ARM.Collect$$_printf_percent$$00000017  c_w.l(_printf_percent_end.o)
    0x080001f6   0x00000002   Code   RO          609    .ARM.Collect$$libinit$$00000000  c_w.l(libinit.o)
    0x080001f8   0x00000000   Code   RO          616    .ARM.Collect$$libinit$$00000002  c_w.l(libinit2.o)
    0x080001f8   0x00000000   Code   RO          619    .ARM.Collect$$libinit$$00000008  c_w.l(libinit2.o)
    0x080001f8   0x00000000   Code   RO          621    .ARM.Collect$$libinit$$0000000A  c_w.l(libinit2.o)
    0x080001f8   0x00000000   Code   RO          623    .ARM.Collect$$libinit$$0000000C  c_w.l(libinit2.o)
    0x080001f8   0x00000000   Code   RO          626    .ARM.Collect$$libinit$$0000000F  c_w.l(libinit2.o)
    0x080001f8   0x00000000   Code   RO          628    .ARM.Collect$$libinit$$00000011  c_w.l(libinit2.o)
    0x080001f8   0x00000000   Code   RO          630    .ARM.Collect$$libinit$$00000013  c_w.l(libinit2.o)
    0x080001f8   0x00000000   Code   RO          632    .ARM.Collect$$libinit$$00000015  c_w.l(libinit2.o)
    0x080001f8   0x00000000   Code   RO          634    .ARM.Collect$$libinit$$00000017  c_w.l(libinit2.o)
    0x080001f8   0x00000000   Code   RO          636    .ARM.Collect$$libinit$$00000019  c_w.l(libinit2.o)
    0x080001f8   0x00000000   Code   RO          638    .ARM.Collect$$libinit$$0000001B  c_w.l(libinit2.o)
    0x080001f8   0x00000000   Code   RO          640    .ARM.Collect$$libinit$$0000001D  c_w.l(libinit2.o)
    0x080001f8   0x00000000   Code   RO          642    .ARM.Collect$$libinit$$0000001F  c_w.l(libinit2.o)
    0x080001f8   0x00000000   Code   RO          644    .ARM.Collect$$libinit$$00000021  c_w.l(libinit2.o)
    0x080001f8   0x00000000   Code   RO          646    .ARM.Collect$$libinit$$00000023  c_w.l(libinit2.o)
    0x080001f8   0x00000000   Code   RO          650    .ARM.Collect$$libinit$$0000002A  c_w.l(libinit2.o)
    0x080001f8   0x00000000   Code   RO          652    .ARM.Collect$$libinit$$0000002C  c_w.l(libinit2.o)
    0x080001f8   0x00000000   Code   RO          654    .ARM.Collect$$libinit$$0000002E  c_w.l(libinit2.o)
    0x080001f8   0x00000000   Code   RO          656    .ARM.Collect$$libinit$$00000030  c_w.l(libinit2.o)
    0x080001f8   0x00000002   Code   RO          657    .ARM.Collect$$libinit$$00000031  c_w.l(libinit2.o)
    0x080001fa   0x00000002   Code   RO          675    .ARM.Collect$$libshutdown$$00000000  c_w.l(libshutdown.o)
    0x080001fc   0x00000000   Code   RO          686    .ARM.Collect$$libshutdown$$00000003  c_w.l(libshutdown2.o)
    0x080001fc   0x00000000   Code   RO          689    .ARM.Collect$$libshutdown$$00000006  c_w.l(libshutdown2.o)
    0x080001fc   0x00000000   Code   RO          692    .ARM.Collect$$libshutdown$$00000009  c_w.l(libshutdown2.o)
    0x080001fc   0x00000000   Code   RO          694    .ARM.Collect$$libshutdown$$0000000B  c_w.l(libshutdown2.o)
    0x080001fc   0x00000000   Code   RO          697    .ARM.Collect$$libshutdown$$0000000E  c_w.l(libshutdown2.o)
    0x080001fc   0x00000002   Code   RO          698    .ARM.Collect$$libshutdown$$0000000F  c_w.l(libshutdown2.o)
    0x080001fe   0x00000000   Code   RO          558    .ARM.Collect$$rtentry$$00000000  c_w.l(rtentry.o)
    0x080001fe   0x00000000   Code   RO          582    .ARM.Collect$$rtentry$$00000002  c_w.l(rtentry2.o)
    0x080001fe   0x00000006   Code   RO          594    .ARM.Collect$$rtentry$$00000004  c_w.l(rtentry4.o)
    0x08000204   0x00000000   Code   RO          584    .ARM.Collect$$rtentry$$00000009  c_w.l(rtentry2.o)
    0x08000204   0x00000004   Code   RO          585    .ARM.Collect$$rtentry$$0000000A  c_w.l(rtentry2.o)
    0x08000208   0x00000000   Code   RO          587    .ARM.Collect$$rtentry$$0000000C  c_w.l(rtentry2.o)
    0x08000208   0x00000008   Code   RO          588    .ARM.Collect$$rtentry$$0000000D  c_w.l(rtentry2.o)
    0x08000210   0x00000002   Code   RO          613    .ARM.Collect$$rtexit$$00000000  c_w.l(rtexit.o)
    0x08000212   0x00000000   Code   RO          659    .ARM.Collect$$rtexit$$00000002  c_w.l(rtexit2.o)
    0x08000212   0x00000004   Code   RO          660    .ARM.Collect$$rtexit$$00000003  c_w.l(rtexit2.o)
    0x08000216   0x00000006   Code   RO          661    .ARM.Collect$$rtexit$$00000004  c_w.l(rtexit2.o)
    0x0800021c   0x00000040   Code   RO            4    .text               startup_stm32f10x_hd.o
    0x0800025c   0x000001dc   Code   RO           24    .text               system_stm32f10x.o
    0x08000438   0x000000dc   Code   RO           75    .text               misc.o
    0x08000514   0x000005bc   Code   RO           91    .text               stm32f10x_flash.o
    0x08000ad0   0x00000358   Code   RO          103    .text               stm32f10x_gpio.o
    0x08000e28   0x000003a4   Code   RO          115    .text               stm32f10x_rcc.o
    0x080011cc   0x00000408   Code   RO          129    .text               stm32f10x_usart.o
    0x080015d4   0x00000e1a   Code   RO          141    .text               stm32f10x_tim.o
    0x080023ee   0x00000002   PAD
    0x080023f0   0x0000044e   Code   RO          153    .text               stm32f10x_adc.o
    0x0800283e   0x00000002   PAD
    0x08002840   0x00000250   Code   RO          168    .text               stm32f10x_dma.o
    0x08002a90   0x00000e4c   Code   RO          238    .text               motor_ctrl.o
    0x080038dc   0x000005c8   Code   RO          316    .text               irsensor_prcs.o
    0x08003ea4   0x000000bc   Code   RO          344    .text               interface.o
    0x08003f60   0x000000a8   Code   RO          380    .text               delay.o
    0x08004008   0x00000ffc   Code   RO          397    .text               maze.o
    0x08005004   0x00000036   Code   RO          426    .text               regtarge.o
    0x0800503a   0x00000002   PAD
    0x0800503c   0x000000b8   Code   RO          448    .text               usart.o
    0x080050f4   0x00000002   Code   RO          462    .text               c_w.l(use_no_semi.o)
    0x080050f6   0x00000002   PAD
    0x080050f8   0x00000018   Code   RO          468    .text               c_w.l(noretval__2printf.o)
    0x08005110   0x00000028   Code   RO          470    .text               c_w.l(noretval__2sprintf.o)
    0x08005138   0x00000068   Code   RO          472    .text               c_w.l(__printf.o)
    0x080051a0   0x00000078   Code   RO          474    .text               c_w.l(_printf_dec.o)
    0x08005218   0x0000004e   Code   RO          498    .text               c_w.l(rt_memclr_w.o)
    0x08005266   0x00000006   Code   RO          500    .text               c_w.l(heapauxi.o)
    0x0800526c   0x000000b8   Code   RO          559    .text               c_w.l(_printf_intcommon.o)
    0x08005324   0x00000030   Code   RO          561    .text               c_w.l(_printf_char_common.o)
    0x08005354   0x0000000a   Code   RO          563    .text               c_w.l(_sputc.o)
    0x0800535e   0x00000002   PAD
    0x08005360   0x00000024   Code   RO          565    .text               c_w.l(_printf_char_file.o)
    0x08005384   0x0000004a   Code   RO          600    .text               c_w.l(sys_stackheap_outer.o)
    0x080053ce   0x0000000c   Code   RO          602    .text               c_w.l(exit.o)
    0x080053da   0x00000002   PAD
    0x080053dc   0x00000008   Code   RO          610    .text               c_w.l(libspace.o)
    0x080053e4   0x00000062   Code   RO          504    x$fpl$d2f           fz_ws.l(d2f.o)
    0x08005446   0x00000002   PAD
    0x08005448   0x00000150   Code   RO          506    x$fpl$dadd          fz_ws.l(daddsub_clz.o)
    0x08005598   0x00000018   Code   RO          598    x$fpl$dcmpinf       fz_ws.l(dcmpi.o)
    0x080055b0   0x000002b0   Code   RO          513    x$fpl$ddiv          fz_ws.l(ddiv.o)
    0x08005860   0x0000005e   Code   RO          516    x$fpl$dfix          fz_ws.l(dfix.o)
    0x080058be   0x0000002e   Code   RO          521    x$fpl$dflt          fz_ws.l(dflt_clz.o)
    0x080058ec   0x00000078   Code   RO          568    x$fpl$dleqf         fz_ws.l(dleqf.o)
    0x08005964   0x00000154   Code   RO          526    x$fpl$dmul          fz_ws.l(dmul.o)
    0x08005ab8   0x0000009c   Code   RO          570    x$fpl$dnaninf       fz_ws.l(dnaninf.o)
    0x08005b54   0x0000000c   Code   RO          572    x$fpl$dretinf       fz_ws.l(dretinf.o)
    0x08005b60   0x0000006c   Code   RO          528    x$fpl$drleqf        fz_ws.l(drleqf.o)
    0x08005bcc   0x00000016   Code   RO          507    x$fpl$drsb          fz_ws.l(daddsub_clz.o)
    0x08005be2   0x00000002   PAD
    0x08005be4   0x000001d4   Code   RO          508    x$fpl$dsub          fz_ws.l(daddsub_clz.o)
    0x08005db8   0x00000056   Code   RO          530    x$fpl$f2d           fz_ws.l(f2d.o)
    0x08005e0e   0x00000002   PAD
    0x08005e10   0x000000c4   Code   RO          532    x$fpl$fadd          fz_ws.l(faddsub_clz.o)
    0x08005ed4   0x00000018   Code   RO          574    x$fpl$fcmpinf       fz_ws.l(fcmpi.o)
    0x08005eec   0x00000184   Code   RO          539    x$fpl$fdiv          fz_ws.l(fdiv.o)
    0x08006070   0x00000036   Code   RO          542    x$fpl$ffix          fz_ws.l(ffix.o)
    0x080060a6   0x00000002   PAD
    0x080060a8   0x00000030   Code   RO          547    x$fpl$fflt          fz_ws.l(fflt_clz.o)
    0x080060d8   0x00000068   Code   RO          552    x$fpl$fleqf         fz_ws.l(fleqf.o)
    0x08006140   0x00000102   Code   RO          554    x$fpl$fmul          fz_ws.l(fmul.o)
    0x08006242   0x0000008c   Code   RO          576    x$fpl$fnaninf       fz_ws.l(fnaninf.o)
    0x080062ce   0x0000000a   Code   RO          578    x$fpl$fretinf       fz_ws.l(fretinf.o)
    0x080062d8   0x00000062   Code   RO          556    x$fpl$frleqf        fz_ws.l(frleqf.o)
    0x0800633a   0x00000002   PAD
    0x0800633c   0x000000ea   Code   RO          534    x$fpl$fsub          fz_ws.l(faddsub_clz.o)
    0x08006426   0x00000000   Code   RO          580    x$fpl$usenofp       fz_ws.l(usenofp.o)
    0x08006426   0x00000002   PAD
    0x08006428   0x00000020   Data   RO          728    Region$$Table       anon$$obj.o


    Execution Region RW_IRAM1 (Base: 0x20000000, Size: 0x0000d238, Max: 0x00010000, ABSOLUTE, COMPRESSED[0x00000348])

    Base Addr    Size         Type   Attr      Idx    E Section Name        Object

    0x20000000   0x00000014   Data   RW           25    .data               system_stm32f10x.o
    0x20000014   0x00000014   Data   RW          116    .data               stm32f10x_rcc.o
    0x20000028   0x00000328   Data   RW          318    .data               irsensor_prcs.o
    0x20000350   0x00000004   Data   RW          381    .data               delay.o
    0x20000354   0x00000009   Data   RW          399    .data               maze.o
    0x2000035d   0x00000003   PAD
    0x20000360   0x00000008   Data   RW          427    .data               regtarge.o
    0x20000368   0x000008a0   Zero   RW          239    .bss                motor_ctrl.o
    0x20000c08   0x00000040   Zero   RW          317    .bss                irsensor_prcs.o
    0x20000c48   0x0000bf8c   Zero   RW          398    .bss                maze.o
    0x2000cbd4   0x00000060   Zero   RW          611    .bss                c_w.l(libspace.o)
    0x2000cc34   0x00000004   PAD
    0x2000cc38   0x00000200   Zero   RW            2    HEAP                startup_stm32f10x_hd.o
    0x2000ce38   0x00000400   Zero   RW            1    STACK               startup_stm32f10x_hd.o


==============================================================================

Image component sizes


      Code (inc. data)   RO Data    RW Data    ZI Data      Debug   Object Name

         0          0          0          0          0       4244   core_cm3.o
       168         10          0          4          0        988   delay.o
       188         10          0          0          0        652   interface.o
      1480         68          0        808         64       3396   irsensor_prcs.o
      4092        160          0          9      49036       7323   maze.o
       220         20          0          0          0       1721   misc.o
      3660        244          0          0       2208     266493   motor_ctrl.o
        54          0          0          8          0       2850   regtarge.o
        64         26        304          0       1536        820   startup_stm32f10x_hd.o
      1102         26          0          0          0      19761   stm32f10x_adc.o
       592          8          0          0          0      14042   stm32f10x_dma.o
      1468         34          0          0          0       7950   stm32f10x_flash.o
       856         40          0          0          0       5569   stm32f10x_gpio.o
       932         44          0         20          0       8712   stm32f10x_rcc.o
      3610         88          0          0          0      22052   stm32f10x_tim.o
      1032         22          0          0          0       8288   stm32f10x_usart.o
       476         36          0         20          0     256119   system_stm32f10x.o
       184         10          0          0          0        932   usart.o

    ----------------------------------------------------------------------
     20184        846        336        872      52844     631912   Object Totals
         0          0         32          0          0          0   (incl. Generated)
         6          0          0          3          0          0   (incl. Padding)

    ----------------------------------------------------------------------

      Code (inc. data)   RO Data    RW Data    ZI Data      Debug   Library Member Name

       100          0          0          0          0          0   __dclz77c.o
         8          0          0          0          0         68   __main.o
       104          0          0          0          0         84   __printf.o
        52          8          0          0          0          0   __scatter.o
        28          0          0          0          0          0   __scatter_zi.o
        48          6          0          0          0         96   _printf_char_common.o
        36          4          0          0          0         80   _printf_char_file.o
         6          0          0          0          0          0   _printf_d.o
       120         18          0          0          0         92   _printf_dec.o
       184          0          0          0          0         88   _printf_intcommon.o
         0          0          0          0          0          0   _printf_percent.o
         4          0          0          0          0          0   _printf_percent_end.o
        10          0          0          0          0         68   _sputc.o
        12          0          0          0          0         72   exit.o
         6          0          0          0          0        152   heapauxi.o
         2          0          0          0          0          0   libinit.o
         2          0          0          0          0          0   libinit2.o
         2          0          0          0          0          0   libshutdown.o
         2          0          0          0          0          0   libshutdown2.o
         8          4          0          0         96         68   libspace.o
        24          4          0          0          0         84   noretval__2printf.o
        40          6          0          0          0         84   noretval__2sprintf.o
        78          0          0          0          0         80   rt_memclr_w.o
         0          0          0          0          0          0   rtentry.o
        12          0          0          0          0          0   rtentry2.o
         6          0          0          0          0          0   rtentry4.o
         2          0          0          0          0          0   rtexit.o
        10          0          0          0          0          0   rtexit2.o
        74          0          0          0          0         80   sys_stackheap_outer.o
         2          0          0          0          0         68   use_no_semi.o
        98          4          0          0          0         92   d2f.o
       826         16          0          0          0        348   daddsub_clz.o
        24          0          0          0          0         68   dcmpi.o
       688        140          0          0          0        208   ddiv.o
        94          4          0          0          0         92   dfix.o
        46          0          0          0          0         68   dflt_clz.o
       120          4          0          0          0         92   dleqf.o
       340         12          0          0          0        104   dmul.o
       156          4          0          0          0         92   dnaninf.o
        12          0          0          0          0         68   dretinf.o
       108          0          0          0          0         80   drleqf.o
        86          4          0          0          0         84   f2d.o
       430          8          0          0          0        168   faddsub_clz.o
        24          0          0          0          0         68   fcmpi.o
       388         76          0          0          0         96   fdiv.o
        54          4          0          0          0         84   ffix.o
        48          0          0          0          0         68   fflt_clz.o
       104          4          0          0          0         84   fleqf.o
       258          4          0          0          0         84   fmul.o
       140          4          0          0          0         84   fnaninf.o
        10          0          0          0          0         68   fretinf.o
        98          0          0          0          0         68   frleqf.o
         0          0          0          0          0          0   usenofp.o

    ----------------------------------------------------------------------
      5152        338          0          0        100       3532   Library Totals
        18          0          0          0          4          0   (incl. Padding)

    ----------------------------------------------------------------------

      Code (inc. data)   RO Data    RW Data    ZI Data      Debug   Library Name

       982         50          0          0         96       1264   c_w.l
      4152        288          0          0          0       2268   fz_ws.l

    ----------------------------------------------------------------------
      5152        338          0          0        100       3532   Library Totals

    ----------------------------------------------------------------------

==============================================================================


      Code (inc. data)   RO Data    RW Data    ZI Data      Debug   

     25336       1184        336        872      52944     631388   Grand Totals
     25336       1184        336        840      52944     631388   ELF Image Totals (compressed)
     25336       1184        336        840          0          0   ROM Totals

==============================================================================

    Total RO  Size (Code + RO Data)                25672 (  25.07kB)
    Total RW  Size (RW Data + ZI Data)             53816 (  52.55kB)
    Total ROM Size (Code + RO Data + RW Data)      26512 (  25.89kB)

==============================================================================

