<html>
<body>
<pre>
<h1>µVision Build Log</h1>
<h2>Project:</h2>
F:\Desktop\Basic Program - ¸±±¾\Project\Micromouse.uvproj
Project File Date:  07/08/2013

<h2>Output:</h2>
Build target 'Micromouse'
assembling startup_stm32f10x_hd.s...
compiling core_cm3.c...
compiling system_stm32f10x.c...
compiling misc.c...
compiling stm32f10x_flash.c...
compiling stm32f10x_gpio.c...
compiling stm32f10x_rcc.c...
compiling stm32f10x_usart.c...
compiling main.c...
linking...
Program Size: Code=3396 RO-data=336 RW-data=40 ZI-data=1632  
FromELF: creating hex file...
".\Output\Micromouse.axf" - 0 Error(s), 0 Warning(s).
