<html>
<body>
<pre>
<h1>礦ision Build Log</h1>
<h2>Project:</h2>
F:\Desktop\Infrared Sensor 2013-9-18\Project\Micromouse.uvproj
Project File Date:  07/19/2013

<h2>Output:</h2>
Build target 'Micromouse'
compiling Motor_Ctrl.c...
compiling Main.c...
linking...
Program Size: Code=11916 RO-data=336 RW-data=56 ZI-data=1632  
FromELF: creating hex file...
".\Output\Micromouse.axf" - 0 Error(s), 0 Warning(s).
Build target 'Micromouse'
compiling Motor_Ctrl.c...
linking...
Program Size: Code=11916 RO-data=336 RW-data=56 ZI-data=1632  
FromELF: creating hex file...
".\Output\Micromouse.axf" - 0 Error(s), 0 Warning(s).
Build target 'Micromouse'
compiling Main.c...
linking...
Program Size: Code=11916 RO-data=336 RW-data=56 ZI-data=1632  
FromELF: creating hex file...
".\Output\Micromouse.axf" - 0 Error(s), 0 Warning(s).
Build target 'Micromouse'
linking...
Program Size: Code=11916 RO-data=336 RW-data=56 ZI-data=1632  
FromELF: creating hex file...
".\Output\Micromouse.axf" - 0 Error(s), 0 Warning(s).
Build target 'Micromouse'
compiling system_stm32f10x.c...
compiling misc.c...
compiling stm32f10x_flash.c...
compiling stm32f10x_gpio.c...
compiling stm32f10x_rcc.c...
compiling stm32f10x_usart.c...
compiling stm32f10x_tim.c...
compiling stm32f10x_adc.c...
compiling stm32f10x_dma.c...
compiling Motor_Ctrl.c...
compiling IRSensor_Prcs.c...
compiling Main.c...
..\inc\Delay.h(26): warning:  #1-D: last line of file ends without a newline
..\inc\Delay.h:   void delay_us(u32 nus);
..\inc\Delay.h:                          ^
..\inc\Delay.h: ..\src\Main.c: 1 warning, 0 errors
compiling Delay.c...
..\inc\Delay.h(26): warning:  #1-D: last line of file ends without a newline
..\inc\Delay.h:   void delay_us(u32 nus);
..\inc\Delay.h:                          ^
..\src\Delay.c(38): warning:  #223-D: function "SysTick_CLKSourceConfig" declared implicitly
..\src\Delay.c:         SysTick_CLKSourceConfig(SysTick_CLKSource_HCLK_Div8);                                   /*      选择外部时钟作为系统时钟*/
..\src\Delay.c:         ^
..\src\Delay.c(38): error:  #20: identifier "SysTick_CLKSource_HCLK_Div8" is undefined
..\src\Delay.c:         SysTick_CLKSourceConfig(SysTick_CLKSource_HCLK_Div8);                                   /*      选择外部时钟作为系统时钟*/
..\src\Delay.c:                                 ^
..\src\Delay.c: ..\src\Delay.c: 2 warnings, 1 error
compiling Usart.c...
Target not created
Build target 'Micromouse'
compiling system_stm32f10x.c...
compiling misc.c...
compiling stm32f10x_flash.c...
compiling stm32f10x_gpio.c...
compiling stm32f10x_rcc.c...
compiling stm32f10x_usart.c...
compiling stm32f10x_tim.c...
compiling stm32f10x_adc.c...
compiling stm32f10x_dma.c...
compiling Motor_Ctrl.c...
compiling IRSensor_Prcs.c...
compiling Main.c...
..\inc\Delay.h(26): warning:  #1-D: last line of file ends without a newline
..\inc\Delay.h:   void delay_us(u32 nus);
..\inc\Delay.h:                          ^
..\inc\Delay.h: ..\src\Main.c: 1 warning, 0 errors
compiling Delay.c...
..\inc\Delay.h(26): warning:  #1-D: last line of file ends without a newline
..\inc\Delay.h:   void delay_us(u32 nus);
..\inc\Delay.h:                          ^
..\inc\Delay.h: ..\src\Delay.c: 1 warning, 0 errors
compiling Usart.c...
linking...
Program Size: Code=12272 RO-data=336 RW-data=60 ZI-data=1636  
FromELF: creating hex file...
".\Output\Micromouse.axf" - 0 Error(s), 2 Warning(s).
Build target 'Micromouse'
compiling Main.c...
compiling Delay.c...
linking...
Program Size: Code=12272 RO-data=336 RW-data=60 ZI-data=1636  
FromELF: creating hex file...
".\Output\Micromouse.axf" - 0 Error(s), 0 Warning(s).
Build target 'Micromouse'
compiling Main.c...
..\src\Main.c(40): error:  #165: too few arguments in function call
..\src\Main.c:                  Delay_init();                                                                                                           /*      延时函数初始化                  */
..\src\Main.c:                             ^
..\src\Main.c: ..\src\Main.c: 0 warnings, 1 error
compiling Delay.c...
Target not created
Build target 'Micromouse'
compiling Main.c...
..\src\Main.c(40): error:  #165: too few arguments in function call
..\src\Main.c:                  Delay_init();                                                                                                           /*      延时函数初始化                  */
..\src\Main.c:                             ^
..\src\Main.c: ..\src\Main.c: 0 warnings, 1 error
Target not created
Build target 'Micromouse'
compiling Main.c...
..\src\Main.c(40): error:  #165: too few arguments in function call
..\src\Main.c:                  Delay_init();                                                                                                           /*      延时函数初始化                  */
..\src\Main.c:                             ^
..\src\Main.c: ..\src\Main.c: 0 warnings, 1 error
Target not created
Build target 'Micromouse'
compiling Main.c...
linking...
Program Size: Code=12280 RO-data=336 RW-data=60 ZI-data=1636  
FromELF: creating hex file...
".\Output\Micromouse.axf" - 0 Error(s), 0 Warning(s).
Build target 'Micromouse'
compiling Main.c...
linking...
Program Size: Code=10256 RO-data=336 RW-data=60 ZI-data=1636  
FromELF: creating hex file...
".\Output\Micromouse.axf" - 0 Error(s), 0 Warning(s).
Build target 'Micromouse'
compiling system_stm32f10x.c...
compiling misc.c...
compiling stm32f10x_flash.c...
compiling stm32f10x_gpio.c...
compiling stm32f10x_rcc.c...
compiling stm32f10x_usart.c...
compiling stm32f10x_tim.c...
compiling stm32f10x_adc.c...
compiling stm32f10x_dma.c...
compiling Motor_Ctrl.c...
compiling IRSensor_Prcs.c...
compiling Main.c...
..\src\Main.c(127): error:  #20: identifier "ture" is undefined
..\src\Main.c:                  return(ture);
..\src\Main.c:                         ^
..\src\Main.c(131): error:  #20: identifier "false" is undefined
..\src\Main.c:                  return(false);
..\src\Main.c:                         ^
..\src\Main.c: ..\src\Main.c: 0 warnings, 2 errors
compiling Delay.c...
compiling Usart.c...
Target not created
Build target 'Micromouse'
compiling Main.c...
..\src\Main.c(127): error:  #20: identifier "Ture" is undefined
..\src\Main.c:                  return(Ture);
..\src\Main.c:                         ^
..\src\Main.c(131): error:  #20: identifier "False" is undefined
..\src\Main.c:                  return(False);
..\src\Main.c:                         ^
..\src\Main.c: ..\src\Main.c: 0 warnings, 2 errors
Target not created
Build target 'Micromouse'
compiling Main.c...
..\src\Main.c(127): error:  #20: identifier "TURE" is undefined
..\src\Main.c:                  return(TURE);
..\src\Main.c:                         ^
..\src\Main.c(131): error:  #20: identifier "FALSE" is undefined
..\src\Main.c:                  return(FALSE);
..\src\Main.c:                         ^
..\src\Main.c: ..\src\Main.c: 0 warnings, 2 errors
Target not created
Build target 'Micromouse'
compiling system_stm32f10x.c...
compiling misc.c...
compiling stm32f10x_flash.c...
compiling stm32f10x_gpio.c...
compiling stm32f10x_rcc.c...
compiling stm32f10x_usart.c...
compiling stm32f10x_tim.c...
compiling stm32f10x_adc.c...
compiling stm32f10x_dma.c...
compiling Motor_Ctrl.c...
compiling IRSensor_Prcs.c...
compiling Main.c...
compiling Delay.c...
compiling Usart.c...
linking...
Program Size: Code=10344 RO-data=336 RW-data=60 ZI-data=1636  
FromELF: creating hex file...
".\Output\Micromouse.axf" - 0 Error(s), 0 Warning(s).
Build target 'Micromouse'
compiling Main.c...
..\src\Main.c(38): warning:  #177-D: variable "Data_Usart" was declared but never referenced
..\src\Main.c:                  char Data_Usart[40];                                                                                            /*      串口发送暂存器                  */
..\src\Main.c:                       ^
..\src\Main.c: ..\src\Main.c: 1 warning, 0 errors
linking...
Program Size: Code=9684 RO-data=336 RW-data=44 ZI-data=1636  
FromELF: creating hex file...
".\Output\Micromouse.axf" - 0 Error(s), 1 Warning(s).
Build target 'Micromouse'
compiling Main.c...
..\src\Main.c(38): warning:  #177-D: variable "Data_Usart" was declared but never referenced
..\src\Main.c:                  char Data_Usart[40];                                                                                            /*      串口发送暂存器                  */
..\src\Main.c:                       ^
..\src\Main.c: ..\src\Main.c: 1 warning, 0 errors
linking...
Program Size: Code=9700 RO-data=336 RW-data=44 ZI-data=1636  
FromELF: creating hex file...
".\Output\Micromouse.axf" - 0 Error(s), 1 Warning(s).
Build target 'Micromouse'
compiling Main.c...
..\src\Main.c(50): error:  #20: identifier "RightMotor_back" is undefined
..\src\Main.c:                                  RightMotor_back;
..\src\Main.c:                                  ^
..\src\Main.c(38): warning:  #177-D: variable "Data_Usart" was declared but never referenced
..\src\Main.c:                  char Data_Usart[40];                                                                                            /*      串口发送暂存器                  */
..\src\Main.c:                       ^
..\src\Main.c: ..\src\Main.c: 1 warning, 1 error
Target not created
Build target 'Micromouse'
compiling Main.c...
..\src\Main.c(38): warning:  #177-D: variable "Data_Usart" was declared but never referenced
..\src\Main.c:                  char Data_Usart[40];                                                                                            /*      串口发送暂存器                  */
..\src\Main.c:                       ^
..\src\Main.c: ..\src\Main.c: 1 warning, 0 errors
linking...
Program Size: Code=9716 RO-data=336 RW-data=44 ZI-data=1636  
FromELF: creating hex file...
".\Output\Micromouse.axf" - 0 Error(s), 1 Warning(s).
Build target 'Micromouse'
compiling Motor_Ctrl.c...
compiling Main.c...
..\src\Main.c(38): warning:  #177-D: variable "Data_Usart" was declared but never referenced
..\src\Main.c:                  char Data_Usart[40];                                                                                            /*      串口发送暂存器                  */
..\src\Main.c:                       ^
..\src\Main.c: ..\src\Main.c: 1 warning, 0 errors
linking...
Program Size: Code=9716 RO-data=336 RW-data=44 ZI-data=1636  
FromELF: creating hex file...
".\Output\Micromouse.axf" - 0 Error(s), 1 Warning(s).
Build target 'Micromouse'
compiling Motor_Ctrl.c...
linking...
Program Size: Code=9716 RO-data=336 RW-data=44 ZI-data=1636  
FromELF: creating hex file...
".\Output\Micromouse.axf" - 0 Error(s), 0 Warning(s).
Build target 'Micromouse'
linking...
Program Size: Code=9716 RO-data=336 RW-data=44 ZI-data=1636  
FromELF: creating hex file...
".\Output\Micromouse.axf" - 0 Error(s), 0 Warning(s).
Build target 'Micromouse'
linking...
Program Size: Code=9716 RO-data=336 RW-data=44 ZI-data=1636  
FromELF: creating hex file...
".\Output\Micromouse.axf" - 0 Error(s), 0 Warning(s).
Build target 'Micromouse'
linking...
Program Size: Code=9716 RO-data=336 RW-data=44 ZI-data=1636  
FromELF: creating hex file...
".\Output\Micromouse.axf" - 0 Error(s), 0 Warning(s).
